Archive member included to satisfy reference by file (symbol)

include_lib/liba/br23/cpu.a(crc16.o)
                              obj/Release/cpu/br23/setup.o (symbol from plugin) (__crc16_mutex_init)
include_lib/liba/br23/cpu.a(uart.o)
                              obj/Release/cpu/br23/adc_api.o (symbol from plugin) (delay)
include_lib/liba/br23/cpu.a(usb.o)
                              obj/Release/apps/common/usb/host/usb_host.o (symbol from plugin) (usb_sie_enable)
include_lib/liba/br23/cpu.a(clock.o)
                              obj/Release/apps/soundbox/task_manager/bt/bt_switch_fun.o (symbol from plugin) (clk_get)
include_lib/liba/br23/cpu.a(gpio.o)
                              obj/Release/apps/soundbox/board/br23/board_ac695x_smartbox/board_ac695x_smartbox.o (symbol from plugin) (usb_iomode)
include_lib/liba/br23/cpu.a(timer.o)
                              obj/Release/apps/soundbox/power_manage/app_power_manage.o (symbol from plugin) (timer_get_sec)
include_lib/liba/br23/cpu.a(sd.o)
                              obj/Release/apps/soundbox/board/br23/board_ac695x_smartbox/board_ac695x_smartbox.o (symbol from plugin) (sdmmc_0_port_init)
include_lib/liba/br23/cpu.a(debug.o)
                              obj/Release/cpu/br23/setup.o (symbol from plugin) (debug_init)
include_lib/liba/br23/cpu.a(wdt.o)
                              obj/Release/apps/soundbox/common/init.o (symbol from plugin) (wdt_close)
include_lib/liba/br23/cpu.a(efuse.o)
                              obj/Release/cpu/br23/charge.o (symbol from plugin) (get_vbat_trim)
include_lib/liba/br23/cpu.a(vm.o)
                              obj/Release/apps/common/fat_nor/phone_rec_fs.o (symbol from plugin) (norflash_origin_read)
include_lib/liba/br23/cpu.a(vm_api.o)
                              obj/Release/apps/common/music/breakpoint.o (symbol from plugin) (vm_api_write_mult)
include_lib/liba/br23/cpu.a(p33.o)
                              obj/Release/cpu/br23/adc_api.o (symbol from plugin) (p33_and_1byte)
include_lib/liba/br23/cpu.a(power_hw.o)
                              obj/Release/apps/soundbox/board/br23/board_ac695x_smartbox/board_ac695x_smartbox.o (symbol from plugin) (spi_get_port)
include_lib/liba/br23/cpu.a(power_wakeup.o)
                              power_hw.o (symbol from plugin) (__hw_wakeup_port_init)
include_lib/liba/br23/cpu.a(rtc.o)
                              obj/Release/apps/soundbox/task_manager/rtc/alarm_api.o (symbol from plugin) (month_to_day)
include_lib/liba/br23/cpu.a(sdx_dev.o)
                              obj/Release/apps/soundbox/board/br23/board_ac695x_smartbox/board_ac695x_smartbox.o (symbol from plugin) (sd_dev_ops)
include_lib/liba/br23/cpu.a(sdx_driver.o)
                              sdx_dev.o (symbol from plugin) (sdx_init_card)
include_lib/liba/br23/cpu.a(sdx_source.o)
                              sdx_driver.o (symbol from plugin) (sdx_get_hi_jiffies)
include_lib/liba/br23/cpu.a(otg.o)
                              obj/Release/apps/common/usb/device/msd.o (symbol from plugin) (usb_otg_online)
include_lib/liba/br23/cpu.a(usb_phy.o)
                              obj/Release/apps/common/usb/host/usb_ctrl_transfer.o (symbol from plugin) (get_jiffies)
include_lib/liba/br23/cpu.a(usb_setup.o)
                              obj/Release/apps/common/usb/device/hid.o (symbol from plugin) (usb_device2id)
include_lib/liba/br23/cpu.a(descriptor.o)
                              usb_setup.o (symbol from plugin) (get_string_ee)
include_lib/liba/br23/cpu.a(startup.o)
                              obj/Release/apps/common/update/update.o (symbol from plugin) (__JUMP_TO_MASKROM)
include_lib/liba/br23/cpu.a(encryption.o)
                              vm.o (symbol from plugin) (doe)
include_lib/liba/br23/cpu.a(lp_timer_hw.o)
                              power_hw.o (symbol from plugin) (__hw_nv_timer0_dump)
include_lib/liba/br23/cpu.a(lrc_hw.o)
                              power_hw.o (symbol from plugin) (__get_lrc_hz)
include_lib/liba/br23/cpu.a(misc_hw.o)
                              power_hw.o (symbol from plugin) (watchdog_close)
include_lib/liba/br23/system.a(os_api.o)
                              obj/Release/apps/soundbox/common/init.o (symbol from plugin) (os_init)
include_lib/liba/br23/system.a(app_msg.o)
                              obj/Release/apps/common/music/general_player.o (symbol from plugin) (app_task_get_msg)
include_lib/liba/br23/system.a(ASCII_lib.o)
                              obj/Release/cpu/br23/audio_dec/audio_dec_tone.o (symbol from plugin) (ASCII_StrCmpNoCase)
include_lib/liba/br23/system.a(circular_buf.o)
                              obj/Release/apps/common/third_party_profile/jieli/hid_user.o (symbol from plugin) (cbuf_read)
include_lib/liba/br23/system.a(syscfg_api.o)
                              obj/Release/apps/soundbox/aec/br23/audio_aec.o (symbol from plugin) (syscfg_read)
include_lib/liba/br23/system.a(config_interface.o)
[...]
Memory Configuration

Name             Origin             Length             Attributes
psram            0x00800000         0x00200000         xrw
code0            0x01e00120         0x00100000         xr
ram0             0x00000000         0x0002bf00         xrw
ram1             0x0002c000         0x00003f80         xrw
*default*        0x00000000         0xffffffff

Linker script and memory map

LOAD obj/Release/apps/common/audio/audio_digital_vol.o
LOAD cpu\br23\tools\sdk.elf.o
LOAD obj/Release/apps/common/audio/decode/audio_key_tone.o
LOAD obj/Release/apps/common/audio/decode/decode.o
LOAD obj/Release/apps/common/audio/encode/encode_write_file.o
LOAD obj/Release/apps/common/audio/sine_make.o
LOAD obj/Release/apps/common/audio/stream/stream_entry.o
LOAD obj/Release/apps/common/audio/stream/stream_sync.o
LOAD obj/Release/apps/common/audio/uartPcmSender.o
LOAD obj/Release/apps/common/bt_common/bt_test_api.o
LOAD obj/Release/apps/common/charge_box/chargeIc_manage.o
LOAD obj/Release/apps/common/charge_box/chgbox_box.o
LOAD obj/Release/apps/common/charge_box/chgbox_ctrl.o
LOAD obj/Release/apps/common/charge_box/chgbox_det.o
LOAD obj/Release/apps/common/charge_box/chgbox_handshake.o
LOAD obj/Release/apps/common/charge_box/chgbox_ui.o
LOAD obj/Release/apps/common/charge_box/chgbox_ui_drv_pwmled.o
LOAD obj/Release/apps/common/charge_box/chgbox_ui_drv_timer.o
LOAD obj/Release/apps/common/charge_box/chgbox_wireless.o
LOAD obj/Release/apps/common/config/app_config.o
LOAD obj/Release/apps/common/config/bt_profile_config.o
LOAD obj/Release/apps/common/config/ci_transport_uart.o
LOAD obj/Release/apps/common/debug/debug.o
LOAD obj/Release/apps/common/debug/debug_lite.o
LOAD obj/Release/apps/common/dev_manager/dev_manager.o
LOAD obj/Release/apps/common/dev_manager/dev_reg.o
LOAD obj/Release/apps/common/dev_manager/dev_update.o
LOAD obj/Release/apps/common/device/detection.o
LOAD obj/Release/apps/common/device/fm/bk1080/Bk1080.o
LOAD obj/Release/apps/common/device/fm/fm_inside/fm_inside.o
LOAD obj/Release/apps/common/device/fm/fm_manage.o
LOAD obj/Release/apps/common/device/fm/qn8035/QN8035.o
LOAD obj/Release/apps/common/device/fm/rda5807/RDA5807.o
LOAD obj/Release/apps/common/device/fm_emitter/ac3433/ac3433.o
LOAD obj/Release/apps/common/device/fm_emitter/fm_emitter_manage.o
LOAD obj/Release/apps/common/device/fm_emitter/fm_inside/fm_emitter_inside.o
LOAD obj/Release/apps/common/device/fm_emitter/qn8007/qn8007.o
LOAD obj/Release/apps/common/device/fm_emitter/qn8027/qn8027.o
LOAD obj/Release/apps/common/device/gSensor/da230.o
LOAD obj/Release/apps/common/device/gSensor/gSensor_manage.o
LOAD obj/Release/apps/common/device/gSensor/SC7A20.o
LOAD obj/Release/apps/common/device/nandflash/nandflash.o
LOAD obj/Release/apps/common/device/norflash/norflash.o
LOAD obj/Release/apps/common/fat_nor/nor_fs.o
LOAD obj/Release/apps/common/fat_nor/phone_rec_fs.o
LOAD obj/Release/apps/common/fat_nor/virfat_flash.o
LOAD obj/Release/apps/common/file_operate/file_api.o
LOAD obj/Release/apps/common/file_operate/file_bs_deal.o
LOAD obj/Release/apps/common/file_operate/file_manager.o
LOAD obj/Release/apps/common/iap/iAP_des.o
LOAD obj/Release/apps/common/iap/iAP_device.o
LOAD obj/Release/apps/common/iap/iAP_iic.o
LOAD obj/Release/apps/common/key/adkey.o
LOAD obj/Release/apps/common/key/adkey_rtcvdd.o
LOAD obj/Release/apps/common/key/ctmu_touch_key.o
LOAD obj/Release/apps/common/key/iokey.o
LOAD obj/Release/apps/common/key/irkey.o
LOAD obj/Release/apps/common/key/key_driver.o
LOAD obj/Release/apps/common/key/rdec_key.o
LOAD obj/Release/apps/common/key/slidekey.o
LOAD obj/Release/apps/common/key/touch_key.o
LOAD obj/Release/apps/common/music/breakpoint.o
LOAD obj/Release/apps/common/music/general_player.o
LOAD obj/Release/apps/common/music/music_decrypt.o
LOAD obj/Release/apps/common/music/music_id3.o
LOAD obj/Release/apps/common/music/music_player.o
LOAD obj/Release/apps/common/rec_nor/nor_interface.o
LOAD obj/Release/apps/common/rec_nor/nor_rec_fs.o
LOAD obj/Release/apps/common/third_party_profile/ancs_client_demo/le_ancs_client.o
LOAD obj/Release/apps/common/third_party_profile/common/3th_profile_api.o
LOAD obj/Release/apps/common/third_party_profile/common/custom_cfg.o
LOAD obj/Release/apps/common/third_party_profile/jieli/hid_user.o
LOAD obj/Release/apps/common/third_party_profile/jieli/JL_rcsp/adv_app_setting/adv_bt_name_setting.o
LOAD obj/Release/apps/common/third_party_profile/jieli/JL_rcsp/adv_app_setting/adv_key_setting.o
LOAD obj/Release/apps/common/third_party_profile/jieli/JL_rcsp/adv_app_setting/adv_led_setting.o
LOAD obj/Release/apps/common/third_party_profile/jieli/JL_rcsp/adv_app_setting/adv_mic_setting.o
LOAD obj/Release/apps/common/third_party_profile/jieli/JL_rcsp/adv_app_setting/adv_time_stamp_setting.o
LOAD obj/Release/apps/common/third_party_profile/jieli/JL_rcsp/adv_app_setting/adv_work_setting.o
LOAD obj/Release/apps/common/third_party_profile/jieli/JL_rcsp/adv_rcsp_protocol/rcsp_adv_opt.o
LOAD obj/Release/apps/common/third_party_profile/jieli/JL_rcsp/adv_rcsp_protocol/rcsp_adv_tws_sync.o
LOAD obj/Release/apps/common/third_party_profile/jieli/JL_rcsp/rcsp_updata/rcsp_adv_user_update.o
LOAD obj/Release/apps/common/third_party_profile/jieli/le_client_demo.o
LOAD obj/Release/apps/common/third_party_profile/jieli/trans_data_demo/le_trans_data.o
LOAD obj/Release/apps/common/third_party_profile/jieli/trans_data_demo/spp_trans_data.o
LOAD obj/Release/apps/common/ui/lcd/lcd_ui_api.o
LOAD obj/Release/apps/common/ui/led7/led7_ui_api.o
LOAD obj/Release/apps/common/update/norflash_update.o
LOAD obj/Release/apps/common/update/uart_update.o
LOAD obj/Release/apps/common/update/uart_update_master.o
LOAD obj/Release/apps/common/update/update.o
LOAD obj/Release/apps/common/usb/device/descriptor.o
LOAD obj/Release/apps/common/usb/device/hid.o
LOAD obj/Release/apps/common/usb/device/msd.o
LOAD obj/Release/apps/common/usb/device/msd_upgrade.o
LOAD obj/Release/apps/common/usb/device/task_pc.o
LOAD obj/Release/apps/common/usb/device/uac1.o
LOAD obj/Release/apps/common/usb/device/uac_stream.o
LOAD obj/Release/apps/common/usb/device/usb_device.o
LOAD obj/Release/apps/common/usb/device/user_setup.o
LOAD obj/Release/apps/common/usb/host/apple_mfi.o
LOAD obj/Release/apps/common/usb/host/usb_bulk_transfer.o
LOAD obj/Release/apps/common/usb/host/usb_ctrl_transfer.o
LOAD obj/Release/apps/common/usb/host/usb_host.o
LOAD obj/Release/apps/common/usb/host/usb_storage.o
LOAD obj/Release/apps/common/usb/usb_config.o
LOAD obj/Release/apps/common/usb/usb_host_config.o
LOAD obj/Release/apps/soundbox/aec/br23/audio_aec.o
LOAD obj/Release/apps/soundbox/app_main.o
LOAD obj/Release/apps/soundbox/board/br23/board_ac6083a/board_ac6083a.o
LOAD obj/Release/apps/soundbox/board/br23/board_ac6083a/key_table/adkey_table.o
LOAD obj/Release/apps/soundbox/board/br23/board_ac6083a/key_table/iokey_table.o
LOAD obj/Release/apps/soundbox/board/br23/board_ac6083a/key_table/irkey_table.o
LOAD obj/Release/apps/soundbox/board/br23/board_ac6083a/key_table/rdec_key_table.o
LOAD obj/Release/apps/soundbox/board/br23/board_ac6083a/key_table/touch_key_table.o
LOAD obj/Release/apps/soundbox/board/br23/board_ac6083a_iap/board_ac6083a_iap.o
LOAD obj/Release/apps/soundbox/board/br23/board_ac6083a_iap/key_table/adkey_table.o
LOAD obj/Release/apps/soundbox/board/br23/board_ac6083a_iap/key_table/iokey_table.o
LOAD obj/Release/apps/soundbox/board/br23/board_ac6083a_iap/key_table/irkey_table.o
LOAD obj/Release/apps/soundbox/board/br23/board_ac6083a_iap/key_table/rdec_key_table.o
LOAD obj/Release/apps/soundbox/board/br23/board_ac6083a_iap/key_table/touch_key_table.o
LOAD obj/Release/apps/soundbox/board/br23/board_ac6951g/board_ac6951g.o
LOAD obj/Release/apps/soundbox/board/br23/board_ac6951g/key_table/adkey_table.o
LOAD obj/Release/apps/soundbox/board/br23/board_ac6951g/key_table/iokey_table.o
LOAD obj/Release/apps/soundbox/board/br23/board_ac6951g/key_table/irkey_table.o
LOAD obj/Release/apps/soundbox/board/br23/board_ac6951g/key_table/rdec_key_table.o
LOAD obj/Release/apps/soundbox/board/br23/board_ac6951g/key_table/touch_key_table.o
LOAD obj/Release/apps/soundbox/board/br23/board_ac6952e_lighter/board_ac6952e_lighter.o
LOAD obj/Release/apps/soundbox/board/br23/board_ac6952e_lighter/key_table/adkey_table.o
LOAD obj/Release/apps/soundbox/board/br23/board_ac6952e_lighter/key_table/iokey_table.o
LOAD obj/Release/apps/soundbox/board/br23/board_ac6952e_lighter/key_table/irkey_table.o
LOAD obj/Release/apps/soundbox/board/br23/board_ac6952e_lighter/key_table/rdec_key_table.o
LOAD obj/Release/apps/soundbox/board/br23/board_ac6952e_lighter/key_table/touch_key_table.o
LOAD obj/Release/apps/soundbox/board/br23/board_ac6954a_demo/board_ac6954a_demo.o
LOAD obj/Release/apps/soundbox/board/br23/board_ac6954a_demo/key_table/adkey_table.o
LOAD obj/Release/apps/soundbox/board/br23/board_ac6954a_demo/key_table/iokey_table.o
LOAD obj/Release/apps/soundbox/board/br23/board_ac6954a_demo/key_table/irkey_table.o
LOAD obj/Release/apps/soundbox/board/br23/board_ac6954a_demo/key_table/rdec_key_table.o
LOAD obj/Release/apps/soundbox/board/br23/board_ac6954a_demo/key_table/touch_key_table.o
LOAD obj/Release/apps/soundbox/board/br23/board_ac6955f_headset_mono/board_ac6955f_headset_mono.o
LOAD obj/Release/apps/soundbox/board/br23/board_ac6955f_headset_mono/key_table/adkey_table.o
LOAD obj/Release/apps/soundbox/board/br23/board_ac6955f_headset_mono/key_table/iokey_table.o
LOAD obj/Release/apps/soundbox/board/br23/board_ac6955f_headset_mono/key_table/irkey_table.o
LOAD obj/Release/apps/soundbox/board/br23/board_ac6955f_headset_mono/key_table/rdec_key_table.o
LOAD obj/Release/apps/soundbox/board/br23/board_ac6955f_headset_mono/key_table/touch_key_table.o
LOAD obj/Release/apps/soundbox/board/br23/board_ac695x_btemitter/board_ac695x_btemitter.o
LOAD obj/Release/apps/soundbox/board/br23/board_ac695x_btemitter/key_table/adkey_table.o
LOAD obj/Release/apps/soundbox/board/br23/board_ac695x_btemitter/key_table/iokey_table.o
LOAD obj/Release/apps/soundbox/board/br23/board_ac695x_btemitter/key_table/irkey_table.o
LOAD obj/Release/apps/soundbox/board/br23/board_ac695x_btemitter/key_table/rdec_key_table.o
LOAD obj/Release/apps/soundbox/board/br23/board_ac695x_btemitter/key_table/touch_key_table.o
LOAD obj/Release/apps/soundbox/board/br23/board_ac695x_charging_bin/board_ac695x_charging_bin.o
LOAD obj/Release/apps/soundbox/board/br23/board_ac695x_charging_bin/key_table/adkey_table.o
LOAD obj/Release/apps/soundbox/board/br23/board_ac695x_charging_bin/key_table/iokey_table.o
LOAD obj/Release/apps/soundbox/board/br23/board_ac695x_charging_bin/key_table/irkey_table.o
LOAD obj/Release/apps/soundbox/board/br23/board_ac695x_charging_bin/key_table/rdec_key_table.o
LOAD obj/Release/apps/soundbox/board/br23/board_ac695x_charging_bin/key_table/touch_key_table.o
LOAD obj/Release/apps/soundbox/board/br23/board_ac695x_demo/board_ac695x_demo.o
LOAD obj/Release/apps/soundbox/board/br23/board_ac695x_demo/key_table/adkey_table.o
LOAD obj/Release/apps/soundbox/board/br23/board_ac695x_demo/key_table/iokey_table.o
LOAD obj/Release/apps/soundbox/board/br23/board_ac695x_demo/key_table/irkey_table.o
LOAD obj/Release/apps/soundbox/board/br23/board_ac695x_demo/key_table/rdec_key_table.o
LOAD obj/Release/apps/soundbox/board/br23/board_ac695x_demo/key_table/touch_key_table.o
LOAD obj/Release/apps/soundbox/board/br23/board_ac695x_lcd/board_ac695x_lcd.o
LOAD obj/Release/apps/soundbox/board/br23/board_ac695x_lcd/key_table/adkey_table.o
LOAD obj/Release/apps/soundbox/board/br23/board_ac695x_lcd/key_table/iokey_table.o
LOAD obj/Release/apps/soundbox/board/br23/board_ac695x_lcd/key_table/irkey_table.o
LOAD obj/Release/apps/soundbox/board/br23/board_ac695x_lcd/key_table/rdec_key_table.o
LOAD obj/Release/apps/soundbox/board/br23/board_ac695x_lcd/key_table/touch_key_table.o
LOAD obj/Release/apps/soundbox/board/br23/board_ac695x_multimedia_charging_bin/board_ac695x_multimedia_charging_bin.o
LOAD obj/Release/apps/soundbox/board/br23/board_ac695x_multimedia_charging_bin/key_table/adkey_table.o
LOAD obj/Release/apps/soundbox/board/br23/board_ac695x_multimedia_charging_bin/key_table/iokey_table.o
LOAD obj/Release/apps/soundbox/board/br23/board_ac695x_multimedia_charging_bin/key_table/irkey_table.o
LOAD obj/Release/apps/soundbox/board/br23/board_ac695x_multimedia_charging_bin/key_table/rdec_key_table.o
LOAD obj/Release/apps/soundbox/board/br23/board_ac695x_multimedia_charging_bin/key_table/touch_key_table.o
LOAD obj/Release/apps/soundbox/board/br23/board_ac695x_smartbox/board_ac695x_smartbox.o
LOAD obj/Release/apps/soundbox/board/br23/board_ac695x_smartbox/key_table/adkey_table.o
LOAD obj/Release/apps/soundbox/board/br23/board_ac695x_smartbox/key_table/iokey_table.o
LOAD obj/Release/apps/soundbox/board/br23/board_ac695x_smartbox/key_table/irkey_table.o
LOAD obj/Release/apps/soundbox/board/br23/board_ac695x_smartbox/key_table/rdec_key_table.o
LOAD obj/Release/apps/soundbox/board/br23/board_ac695x_smartbox/key_table/touch_key_table.o
LOAD obj/Release/apps/soundbox/board/br23/board_ac695x_soundcard/board_ac695x_soundcard.o
LOAD obj/Release/apps/soundbox/board/br23/board_ac695x_soundcard/key_table/adkey_table.o
LOAD obj/Release/apps/soundbox/board/br23/board_ac695x_soundcard/key_table/iokey_table.o
LOAD obj/Release/apps/soundbox/board/br23/board_ac695x_soundcard/key_table/irkey_table.o
LOAD obj/Release/apps/soundbox/board/br23/board_ac695x_soundcard/key_table/rdec_key_table.o
LOAD obj/Release/apps/soundbox/board/br23/board_ac695x_soundcard/key_table/touch_key_table.o
LOAD obj/Release/apps/soundbox/board/br23/board_ac695x_tws/board_ac695x_tws.o
LOAD obj/Release/apps/soundbox/board/br23/board_ac695x_tws/key_table/adkey_table.o
LOAD obj/Release/apps/soundbox/board/br23/board_ac695x_tws/key_table/iokey_table.o
LOAD obj/Release/apps/soundbox/board/br23/board_ac695x_tws/key_table/irkey_table.o
LOAD obj/Release/apps/soundbox/board/br23/board_ac695x_tws/key_table/rdec_key_table.o
LOAD obj/Release/apps/soundbox/board/br23/board_ac695x_tws/key_table/touch_key_table.o
LOAD obj/Release/apps/soundbox/board/br23/board_ac695x_tws_box/board_ac695x_tws_box.o
LOAD obj/Release/apps/soundbox/board/br23/board_ac695x_tws_box/key_table/adkey_table.o
LOAD obj/Release/apps/soundbox/board/br23/board_ac695x_tws_box/key_table/iokey_table.o
LOAD obj/Release/apps/soundbox/board/br23/board_ac695x_tws_box/key_table/irkey_table.o
LOAD obj/Release/apps/soundbox/board/br23/board_ac695x_tws_box/key_table/rdec_key_table.o
LOAD obj/Release/apps/soundbox/board/br23/board_ac695x_tws_box/key_table/touch_key_table.o
LOAD obj/Release/apps/soundbox/board/br23/irq_config.o
LOAD obj/Release/apps/soundbox/common/dev_status.o
LOAD obj/Release/apps/soundbox/common/init.o
LOAD obj/Release/apps/soundbox/common/task_table.o
LOAD obj/Release/apps/soundbox/common/tone_table.o
LOAD obj/Release/apps/soundbox/common/user_cfg.o
LOAD obj/Release/apps/soundbox/font/fontinit.o
LOAD obj/Release/apps/soundbox/log_config/app_config.o
LOAD obj/Release/apps/soundbox/log_config/lib_btctrler_config.o
LOAD obj/Release/apps/soundbox/log_config/lib_btstack_config.o
LOAD obj/Release/apps/soundbox/log_config/lib_driver_config.o
LOAD obj/Release/apps/soundbox/log_config/lib_media_config.o
LOAD obj/Release/apps/soundbox/log_config/lib_system_config.o
LOAD obj/Release/apps/soundbox/log_config/lib_update_config.o
LOAD obj/Release/apps/soundbox/power_manage/app_charge.o
LOAD obj/Release/apps/soundbox/power_manage/app_chargestore.o
LOAD obj/Release/apps/soundbox/power_manage/app_power_manage.o
LOAD obj/Release/apps/soundbox/smartbox/browser/browser.o
LOAD obj/Release/apps/soundbox/smartbox/bt_manage/bt_trans_data/le_smartbox_adv.o
LOAD obj/Release/apps/soundbox/smartbox/bt_manage/bt_trans_data/le_smartbox_module.o
LOAD obj/Release/apps/soundbox/smartbox/bt_manage/smartbox_bt_manage.o
LOAD obj/Release/apps/soundbox/smartbox/cmd_data_deal/cmd_recieve.o
LOAD obj/Release/apps/soundbox/smartbox/cmd_data_deal/cmd_recieve_no_respone.o
LOAD obj/Release/apps/soundbox/smartbox/cmd_data_deal/cmd_respone.o
LOAD obj/Release/apps/soundbox/smartbox/cmd_data_deal/cmd_user.o
LOAD obj/Release/apps/soundbox/smartbox/cmd_data_deal/command.o
LOAD obj/Release/apps/soundbox/smartbox/cmd_data_deal/data_recieve.o
LOAD obj/Release/apps/soundbox/smartbox/cmd_data_deal/data_recieve_no_respone.o
LOAD obj/Release/apps/soundbox/smartbox/cmd_data_deal/data_respone.o
LOAD obj/Release/apps/soundbox/smartbox/config.o
LOAD obj/Release/apps/soundbox/smartbox/event.o
LOAD obj/Release/apps/soundbox/smartbox/feature.o
LOAD obj/Release/apps/soundbox/smartbox/func_cmd/bt_func.o
LOAD obj/Release/apps/soundbox/smartbox/func_cmd/fm_func.o
LOAD obj/Release/apps/soundbox/smartbox/func_cmd/linein_func.o
LOAD obj/Release/apps/soundbox/smartbox/func_cmd/music_func.o
LOAD obj/Release/apps/soundbox/smartbox/func_cmd/rtc_func.o
LOAD obj/Release/apps/soundbox/smartbox/function.o
LOAD obj/Release/apps/soundbox/smartbox/smartbox.o
LOAD obj/Release/apps/soundbox/smartbox/smartbox_rcsp_manage.o
LOAD obj/Release/apps/soundbox/smartbox/smartbox_setting/adv_bt_name_setting.o
LOAD obj/Release/apps/soundbox/smartbox/smartbox_setting/adv_key_setting.o
LOAD obj/Release/apps/soundbox/smartbox/smartbox_setting/adv_led_setting.o
LOAD obj/Release/apps/soundbox/smartbox/smartbox_setting/adv_mic_setting.o
LOAD obj/Release/apps/soundbox/smartbox/smartbox_setting/adv_time_stamp_setting.o
LOAD obj/Release/apps/soundbox/smartbox/smartbox_setting/adv_work_setting.o
LOAD obj/Release/apps/soundbox/smartbox/smartbox_setting/smartbox_color_led_setting.o
LOAD obj/Release/apps/soundbox/smartbox/smartbox_setting/smartbox_eq_setting.o
LOAD obj/Release/apps/soundbox/smartbox/smartbox_setting/smartbox_high_low_vol_setting.o
LOAD obj/Release/apps/soundbox/smartbox/smartbox_setting/smartbox_karaoke_eq_setting.o
LOAD obj/Release/apps/soundbox/smartbox/smartbox_setting/smartbox_karaoke_setting.o
LOAD obj/Release/apps/soundbox/smartbox/smartbox_setting/smartbox_misc_setting/smartbox_misc_drc_setting.o
LOAD obj/Release/apps/soundbox/smartbox/smartbox_setting/smartbox_misc_setting/smartbox_misc_reverbration_setting.o
LOAD obj/Release/apps/soundbox/smartbox/smartbox_setting/smartbox_misc_setting/smartbox_misc_setting.o
LOAD obj/Release/apps/soundbox/smartbox/smartbox_setting/smartbox_music_info_setting.o
LOAD obj/Release/apps/soundbox/smartbox/smartbox_setting/smartbox_vol_setting.o
LOAD obj/Release/apps/soundbox/smartbox/smartbox_setting_opt/smartbox_adv_bluetooth.o
LOAD obj/Release/apps/soundbox/smartbox/smartbox_setting_opt/smartbox_setting_opt.o
LOAD obj/Release/apps/soundbox/smartbox/smartbox_setting_opt/smartbox_setting_sync.o
LOAD obj/Release/apps/soundbox/smartbox/smartbox_update/rcsp_ch_loader_download.o
LOAD obj/Release/apps/soundbox/smartbox/smartbox_update/smartbox_update.o
LOAD obj/Release/apps/soundbox/smartbox/smartbox_update/smartbox_update_tws.o
LOAD obj/Release/apps/soundbox/smartbox/switch_device.o
LOAD obj/Release/apps/soundbox/soundcard/lamp.o
LOAD obj/Release/apps/soundbox/soundcard/notice.o
LOAD obj/Release/apps/soundbox/soundcard/peripheral.o
LOAD obj/Release/apps/soundbox/soundcard/soundcard.o
LOAD obj/Release/apps/soundbox/task_manager/app_common.o
LOAD obj/Release/apps/soundbox/task_manager/app_task_switch.o
LOAD obj/Release/apps/soundbox/task_manager/bt/bt.o
LOAD obj/Release/apps/soundbox/task_manager/bt/bt_ble.o
LOAD obj/Release/apps/soundbox/task_manager/bt/bt_emitter.o
LOAD obj/Release/apps/soundbox/task_manager/bt/bt_event_fun.o
LOAD obj/Release/apps/soundbox/task_manager/bt/bt_key_fun.o
LOAD obj/Release/apps/soundbox/task_manager/bt/bt_product_test.o
LOAD obj/Release/apps/soundbox/task_manager/bt/bt_switch_fun.o
LOAD obj/Release/apps/soundbox/task_manager/bt/bt_tws.o
LOAD obj/Release/apps/soundbox/task_manager/bt/vol_sync.o
LOAD obj/Release/apps/soundbox/task_manager/fm/fm.o
LOAD obj/Release/apps/soundbox/task_manager/fm/fm_api.o
LOAD obj/Release/apps/soundbox/task_manager/fm/fm_rw.o
LOAD obj/Release/apps/soundbox/task_manager/idle/idle.o
LOAD obj/Release/apps/soundbox/task_manager/linein/linein.o
LOAD obj/Release/apps/soundbox/task_manager/linein/linein_api.o
LOAD obj/Release/apps/soundbox/task_manager/linein/linein_dev.o
LOAD obj/Release/apps/soundbox/task_manager/music/music.o
LOAD obj/Release/apps/soundbox/task_manager/pc/pc.o
LOAD obj/Release/apps/soundbox/task_manager/power_off/power_off.o
LOAD obj/Release/apps/soundbox/task_manager/power_on/power_on.o
LOAD obj/Release/apps/soundbox/task_manager/record/record.o
LOAD obj/Release/apps/soundbox/task_manager/rtc/alarm_api.o
LOAD obj/Release/apps/soundbox/task_manager/rtc/alarm_user.o
LOAD obj/Release/apps/soundbox/task_manager/rtc/rtc.o
LOAD obj/Release/apps/soundbox/task_manager/rtc/rtc_simulate.o
LOAD obj/Release/apps/soundbox/task_manager/sleep/sleep.o
LOAD obj/Release/apps/soundbox/task_manager/spdif/hdmi_cec_drv.o
LOAD obj/Release/apps/soundbox/task_manager/spdif/spdif.o
LOAD obj/Release/apps/soundbox/task_manager/task_key.o
LOAD obj/Release/apps/soundbox/third_party_profile/ancs_client_demo/ancs_client_demo.o
LOAD obj/Release/apps/soundbox/third_party_profile/trans_data_demo/trans_data_demo.o
LOAD obj/Release/apps/soundbox/ui/color_led/color_led_app.o
LOAD obj/Release/apps/soundbox/ui/color_led/color_led_table.o
LOAD obj/Release/apps/soundbox/ui/color_led/driver/color_led.o
LOAD obj/Release/apps/soundbox/ui/color_led/driver/color_led_driver.o
LOAD obj/Release/apps/soundbox/ui/lcd/lyrics_api.o
LOAD obj/Release/apps/soundbox/ui/lcd/STYLE_02/bt_action.o
LOAD obj/Release/apps/soundbox/ui/lcd/STYLE_02/clock_action.o
LOAD obj/Release/apps/soundbox/ui/lcd/STYLE_02/file_brower.o
LOAD obj/Release/apps/soundbox/ui/lcd/STYLE_02/fm_action.o
LOAD obj/Release/apps/soundbox/ui/lcd/STYLE_02/music_action.o
LOAD obj/Release/apps/soundbox/ui/lcd/ui_sys_param_api.o
LOAD obj/Release/apps/soundbox/ui/led7/ui_bt.o
LOAD obj/Release/apps/soundbox/ui/led7/ui_common.o
LOAD obj/Release/apps/soundbox/ui/led7/ui_fm.o
LOAD obj/Release/apps/soundbox/ui/led7/ui_fm_emitter.o
LOAD obj/Release/apps/soundbox/ui/led7/ui_idle.o
LOAD obj/Release/apps/soundbox/ui/led7/ui_linein.o
LOAD obj/Release/apps/soundbox/ui/led7/ui_music.o
LOAD obj/Release/apps/soundbox/ui/led7/ui_pc.o
LOAD obj/Release/apps/soundbox/ui/led7/ui_record.o
LOAD obj/Release/apps/soundbox/ui/led7/ui_rtc.o
LOAD obj/Release/apps/soundbox/ui/led/pwm_led_api.o
LOAD obj/Release/apps/soundbox/ui/led/pwm_led_para_table.o
LOAD obj/Release/apps/soundbox/user_api/app_pwmled_api.o
LOAD obj/Release/apps/soundbox/user_api/app_record_api.o
LOAD obj/Release/apps/soundbox/user_api/app_special_play_api.o
LOAD obj/Release/apps/soundbox/user_api/app_status_api.o
LOAD obj/Release/apps/soundbox/user_api/dev_multiplex_api.o
LOAD obj/Release/apps/soundbox/version.o
LOAD obj/Release/apps/xiaozhi/sdk/lib/xiaozhi_lib.o
LOAD obj/Release/apps/xiaozhi/sdk/src/xz_ble_utils.o
LOAD obj/Release/apps/xiaozhi/sdk/xz_ble_app_demo.o
LOAD obj/Release/apps/xiaozhi/sdk/xz_ble_port.o
LOAD obj/Release/apps/xiaozhi/sdk/xz_ble_port_AC695N.o
LOAD obj/Release/cpu/br23/adc_api.o
LOAD obj/Release/cpu/br23/app_timer.o
LOAD obj/Release/cpu/br23/audio_common/app_audio.o
LOAD obj/Release/cpu/br23/audio_common/audio_fmtx.o
LOAD obj/Release/cpu/br23/audio_common/audio_link.o
LOAD obj/Release/cpu/br23/audio_dec/audio_dec.o
LOAD obj/Release/cpu/br23/audio_dec/audio_dec_bt.o
LOAD obj/Release/cpu/br23/audio_dec/audio_dec_file.o
LOAD obj/Release/cpu/br23/audio_dec/audio_dec_fm.o
LOAD obj/Release/cpu/br23/audio_dec/audio_dec_linein.o
LOAD obj/Release/cpu/br23/audio_dec/audio_dec_midi_file.o
LOAD obj/Release/cpu/br23/audio_dec/audio_dec_pc.o
LOAD obj/Release/cpu/br23/audio_dec/audio_dec_record.o
LOAD obj/Release/cpu/br23/audio_dec/audio_dec_spdif.o
LOAD obj/Release/cpu/br23/audio_dec/audio_dec_tone.o
LOAD obj/Release/cpu/br23/audio_dec/audio_spectrum.o
LOAD obj/Release/cpu/br23/audio_dec/audio_sync.o
LOAD obj/Release/cpu/br23/audio_dec/audio_usb_mic.o
LOAD obj/Release/cpu/br23/audio_dec/tone_player.o
LOAD obj/Release/cpu/br23/audio_effect/eq_config.o
LOAD obj/Release/cpu/br23/audio_enc/audio_adc_demo.o
LOAD obj/Release/cpu/br23/audio_enc/audio_enc.o
LOAD obj/Release/cpu/br23/audio_enc/audio_enc_file.o
LOAD obj/Release/cpu/br23/audio_enc/audio_enc_recoder.o
LOAD obj/Release/cpu/br23/audio_enc/audio_mic_codec.o
LOAD obj/Release/cpu/br23/audio_enc/audio_recorder_mix.o
LOAD obj/Release/cpu/br23/audio_enc/audio_sbc_codec.o
LOAD obj/Release/cpu/br23/audio_mic/effect_cfg.o
LOAD obj/Release/cpu/br23/audio_mic/effect_debug.o
LOAD obj/Release/cpu/br23/audio_mic/effect_linein.o
LOAD obj/Release/cpu/br23/audio_mic/effect_reg.o
LOAD obj/Release/cpu/br23/audio_mic/effect_reg_echo.o
LOAD obj/Release/cpu/br23/audio_mic/effect_reg_reverb.o
LOAD obj/Release/cpu/br23/audio_mic/effect_stream.o
LOAD obj/Release/cpu/br23/audio_mic/effect_tool.o
LOAD obj/Release/cpu/br23/audio_mic/loud_speaker.o
LOAD obj/Release/cpu/br23/audio_mic/mic_effect.o
LOAD obj/Release/cpu/br23/audio_mic/mic_stream.o
LOAD obj/Release/cpu/br23/charge.o
LOAD obj/Release/cpu/br23/chargebox_hw.o
LOAD obj/Release/cpu/br23/chargestore.o
LOAD obj/Release/cpu/br23/clock_manager.o
LOAD obj/Release/cpu/br23/ctmu.o
LOAD obj/Release/cpu/br23/iic_eeprom_test.o
LOAD obj/Release/cpu/br23/iic_hw.o
LOAD obj/Release/cpu/br23/iic_slave_test.o
LOAD obj/Release/cpu/br23/iic_soft.o
LOAD obj/Release/cpu/br23/irflt.o
LOAD obj/Release/cpu/br23/localtws/localtws.o
LOAD obj/Release/cpu/br23/localtws/localtws_dec.o
LOAD obj/Release/cpu/br23/mcpwm.o
LOAD obj/Release/cpu/br23/overlay_code.o
LOAD obj/Release/cpu/br23/plcnt.o
LOAD obj/Release/cpu/br23/port_wkup.o
LOAD obj/Release/cpu/br23/pwm_led.o
LOAD obj/Release/cpu/br23/setup.o
LOAD obj/Release/cpu/br23/spi.o
LOAD obj/Release/cpu/br23/spi_test.o
LOAD obj/Release/cpu/br23/uart_bt_product.o
LOAD obj/Release/cpu/br23/uart_dev.o
LOAD obj/Release/cpu/br23/uart_test.o
LOAD obj/Release/cpu/br23/ui_driver/interface/ui_platform.o
LOAD obj/Release/cpu/br23/ui_driver/lcd_seg/lcd_seg3x9_driver.o
LOAD obj/Release/cpu/br23/ui_driver/lcd_spi/lcd_drive.o
LOAD obj/Release/cpu/br23/ui_driver/lcd_spi/spi_lcd_st7735s.o
LOAD obj/Release/cpu/br23/ui_driver/lcd_spi/spi_lcd_st7789v.o
LOAD obj/Release/cpu/br23/ui_driver/lcd_spi/spi_lcd_st7789vw.o
LOAD obj/Release/cpu/br23/ui_driver/lcd_spi/spi_oled.o
LOAD obj/Release/cpu/br23/ui_driver/led7/led7_driver.o
LOAD obj/Release/cpu/br23/ui_driver/LED_1888/LED1888.o
LOAD obj/Release/cpu/br23/ui_driver/ui_common.o
LOAD obj/Release/cpu/br23/user_function/user_pa.o
LOAD obj/Release/cpu/br23/xiaoyun_agreement/xiaoyun_agreement.o
START GROUP
LOAD include_lib/liba/br23/cpu.a
LOAD include_lib/liba/br23/system.a
LOAD include_lib/liba/br23/aec.a
LOAD include_lib/liba/br23/media.a
LOAD include_lib/liba/br23/media_app.a
LOAD include_lib/liba/br23/libAptFilt_pi32v2_OnChip.a
LOAD include_lib/liba/br23/libEchoSuppress_pi32v2_OnChip.a
LOAD include_lib/liba/br23/libNoiseSuppress_pi32v2_OnChip.a
LOAD include_lib/liba/br23/libSplittingFilter_pi32v2_OnChip.a
LOAD include_lib/liba/br23/libDelayEstimate_pi32v2_OnChip.a
LOAD include_lib/liba/br23/libSingleMicSystem_pi32v2_OnChip.a
LOAD include_lib/liba/br23/lib_esco_repair.a
LOAD include_lib/liba/br23/mp3_dec_lib.a
LOAD include_lib/liba/br23/mp3tsy_dec_lib.a
LOAD include_lib/liba/br23/wma_dec_lib.a
LOAD include_lib/liba/br23/wtg_dec_lib.a
LOAD include_lib/liba/br23/wav_dec_lib.a
LOAD include_lib/liba/br23/flac_dec_lib.a
LOAD include_lib/liba/br23/ape_dec_lib.a
LOAD include_lib/liba/br23/m4a_tws_lib.a
LOAD include_lib/liba/br23/amr_dec_lib.a
LOAD include_lib/liba/br23/dts_dec_lib.a
LOAD include_lib/liba/br23/mp3_decstream_lib.a
LOAD include_lib/liba/br23/wma_decstream_lib.a
LOAD include_lib/liba/br23/sbc_eng_lib.a
LOAD include_lib/liba/br23/compressor.a
LOAD include_lib/liba/br23/crossover_coff.a
LOAD include_lib/liba/br23/limiter.a
LOAD include_lib/liba/br23/lib_mp2_code.a
LOAD include_lib/liba/br23/lib_adpcm_code.a
LOAD include_lib/liba/br23/mp3_enc_lib.a
LOAD include_lib/liba/br23/opus_enc_lib.a
LOAD include_lib/liba/br23/speex_enc_lib.a
LOAD include_lib/liba/br23/lib_pitchshifter.a
LOAD include_lib/liba/br23/lib_pitch_speed.a
LOAD include_lib/liba/br23/lib_reverb_cal.a
LOAD include_lib/liba/br23/lib_rmono2stereo.a
LOAD include_lib/liba/br23/bfilterfun_lib.a
LOAD include_lib/liba/br23/libFFT_pi32v2_OnChip.a
LOAD include_lib/liba/br23/libOpcore_maskrom_pi32v2_OnChip.a
LOAD include_lib/liba/br23/lib_resample_cal.a
LOAD include_lib/liba/br23/crypto_toolbox_Osize.a
LOAD include_lib/liba/br23/lib_g726_decode.a
LOAD include_lib/liba/br23/lib_g726_code.a
LOAD include_lib/liba/br23/limiter_noiseGate.a
LOAD include_lib/liba/br23/howling.a
LOAD include_lib/liba/br23/noisegate.a
LOAD include_lib/liba/br23/shiftPhase.a
LOAD include_lib/liba/br23/pemafrow.a
LOAD include_lib/liba/br23/lib_howlings_phf.a
LOAD include_lib/liba/br23/math.a
LOAD include_lib/liba/br23/lib_midi_dec.a
LOAD include_lib/liba/br23/bt_hash_enc.a
LOAD include_lib/liba/br23/filtparam_cal_lib.a
LOAD include_lib/liba/br23/agreement.a
LOAD include_lib/liba/br23/lib_sur_cal.a
LOAD include_lib/liba/br23/lib_vbass_cal.a
LOAD include_lib/liba/br23/loudness.a
LOAD include_lib/liba/br23/rcsp_stack.a
LOAD include_lib/liba/br23/lib_usbaudio_plc.a
LOAD include_lib/liba/br23/coeff_calculate.a
LOAD include_lib/liba/br23/rms.a
LOAD include_lib/liba/br23/SpectrumShow.a
LOAD include_lib/liba/br23/btstack.a
LOAD include_lib/liba/br23/btctrler.a
LOAD include_lib/liba/br23/bt_ldotrim.a
LOAD include_lib/liba/br23/dac_trim_lib.a
END GROUP
LOAD include_lib/liba/br23/update.a
                0x0002c000                RAM1_LIMIT_L = 0x2c000
                0x00030000                RAM1_LIMIT_H = 0x30000
                0x00000080                UPDATA_SIZE = 0x80
                0x0002ff80                UPDATA_BEG = (RAM1_LIMIT_H - UPDATA_SIZE)
                0x0002c000                RAM1_BEGIN = RAM1_LIMIT_L
                0x0002ff80                RAM1_END = (RAM1_LIMIT_H - UPDATA_SIZE)
                0x00003f80                RAM1_SIZE = (RAM1_END - RAM1_BEGIN)
                0x00000000                RAM_LIMIT_L = 0x0
                0x0002c000                RAM_LIMIT_H = 0x2c000
                0x00000100                ISR_SIZE = 0x100
                0x0002bf00                ISR_BASE = (RAM_LIMIT_H - ISR_SIZE)
                0x00000000                RAM_BEGIN = RAM_LIMIT_L
                0x0002bf00                RAM_END = (RAM_LIMIT_H - ISR_SIZE)
                0x0002bf00                RAM_SIZE = (RAM_END - RAM_BEGIN)
                0x00001400                BANK_SIZE = 0x1400
                0x00800000                PSRAM_BEG = 0x800000
                0x00200000                PSRAM_SIZE = 0x200000
                0x01e000c0                CODE_BEG = 0x1e000c0
                0x000f9000                UPDATA_BREDR_BASE_BEG = 0xf9000
                0x00000003                MIC_EFFECT_EQ_SECTION = 0x3
                0x0000000d                EQ_SECTION_NUM = (0xa + MIC_EFFECT_EQ_SECTION)
                0x001127a4                memmem = 0x1127a4
                0x001127a8                memcpy = 0x1127a8
                0x001127ac                memmove = 0x1127ac
                0x001127b0                memcmp = 0x1127b0
                0x001127b4                memset = 0x1127b4
                0x001127b8                strcmp = 0x1127b8
                0x001127bc                strcpy = 0x1127bc
                0x001127c0                strlen = 0x1127c0
                0x001127c4                strncmp = 0x1127c4
                0x001127c8                strstr = 0x1127c8
                0x001127cc                flush_dcache = 0x1127cc
                0x001127d0                flushinv_dcache = 0x1127d0
                0x001127d4                sfc_suspend = 0x1127d4
                0x001127d8                sfc_resume = 0x1127d8
                0x001127e0                chip_crc16 = 0x1127e0
                0x001127f0                nvram_set_boot_state = 0x1127f0
                0x0002bf00                _IRQ_MEM_ADDR = 0x2bf00
                0x0002bdc0                _MASK_MEM_BEGIN = 0x2bdc0
                0x0000012c                _MASK_MEM_SIZE = 0x12c
                0x00800000                . = ORIGIN (psram)

.psram_text     0x00800000        0x0

.psram
                0x01e00120                . = ORIGIN (code0)

.text           0x01e00120    0x60838
                0x01e00120                text_code_begin = .
                [!provide]                PROVIDE (text_rodata_begin, .)
 *startup.o(.text)
 .text          0x01e00120       0x9a include_lib/liba/br23/cpu.a(startup.o)
                0x01e00120                _start
                0x01e001ba                bank_stub_start = .
 *(.bank.stub.*)
                0x00000000                bank_stub_size = (. - bank_stub_start)
 *(.text*)
 .text          0x01e001ba    0x14196 cpu\br23\tools\sdk.elf.o
                0x01e01c64                update_result_get
                0x01e02716                __errno
                0x01e027bc                main
                0x01e0f146                app_load_common_code
                0x01e0f462                exception_analyze
 .text._ZN21ActiveNoiseSuppressorI9floatReal12floatComplexE15QueryBufferSizeEi
                0x01e14350       0x14 cpu\br23\tools\sdk.elf.o
 .text._ZN3FFTI9floatReal12floatComplexEC2Eii
                0x01e14364       0x2c cpu\br23\tools\sdk.elf.o
 .text._Z15VectorMulScalarRK6VectorI9floatRealERK6ScalarIS0_ERS1_
                0x01e14390       0x2a cpu\br23\tools\sdk.elf.o
 .text._ZNK6MatrixI12floatComplexEclEiiii
                0x01e143ba       0x3a cpu\br23\tools\sdk.elf.o
 .text._ZNK6VectorI9floatRealEclEiii
                0x01e143f4       0x32 cpu\br23\tools\sdk.elf.o
 .text._ZNK6VectorI12floatComplexEclEiii
                0x01e14426       0x32 cpu\br23\tools\sdk.elf.o
 .text._Z10VectorCopyRK6VectorI9floatRealERS_I11fixHalfRealE
                0x01e14458       0x2a cpu\br23\tools\sdk.elf.o
 .text._ZN12STFTAnalyserI9floatReal12floatComplex11fixHalfRealEC2EPS0_iiRK6VectorIS2_ER3FFTIS0_S1_E
                0x01e14482       0x4e cpu\br23\tools\sdk.elf.o
 .text._Z10VectorCopyRK6VectorI9floatRealERS1_
                0x01e144d0       0x24 cpu\br23\tools\sdk.elf.o
 .text._ZN15STFTSynthesizerI9floatReal12floatComplex11fixHalfRealEC2EPS0_iiRK6VectorIS2_ER3FFTIS0_S1_E
                0x01e144f4       0x4e cpu\br23\tools\sdk.elf.o
 .text._Z9VectorSetRK6ScalarI9floatRealER6VectorIS0_E
                0x01e14542       0x16 cpu\br23\tools\sdk.elf.o
 .text._Z16VectorMeanSquareRK6VectorI11fixHalfRealER6ScalarI9floatRealE
                0x01e14558       0x38 cpu\br23\tools\sdk.elf.o
 .text._ZN13dynamicVectorI12floatComplex9floatRealEC2ER9AllocatorIS1_Eii
                0x01e14590       0x2c cpu\br23\tools\sdk.elf.o
 .text._Z18MatrixAccessColumnRK6MatrixI12floatComplexER6VectorIS0_Ei
                0x01e145bc       0x20 cpu\br23\tools\sdk.elf.o
 .text._Z10MatrixCopyRK6MatrixI12floatComplexERS1_
                0x01e145dc       0x4c cpu\br23\tools\sdk.elf.o
 .text._Z18VectorOverlapShiftRK6VectorI11fixHalfRealERS_I9floatRealEi
                0x01e14628       0x60 cpu\br23\tools\sdk.elf.o
 .text._Z23MatrixEwMulAndSumOneDimRK6MatrixI12floatComplexES3_R6VectorIS0_Ei
                0x01e14688       0x88 cpu\br23\tools\sdk.elf.o
 .text._Z11VectorMinusRK6VectorI11fixHalfRealERKS_I9floatRealERS5_
                0x01e14710       0x3e cpu\br23\tools\sdk.elf.o
 .text._Z16VectorMeanSquareRK6VectorI9floatRealER6ScalarIS0_E
                0x01e1474e       0x32 cpu\br23\tools\sdk.elf.o
 .text._Z7logAprxI9floatRealEvRK6ScalarIT_ERS3_
                0x01e14780       0x34 cpu\br23\tools\sdk.elf.o
 .text._Z9log10AprxI9floatRealEvRK6ScalarIT_ERS3_
                0x01e147b4       0x1a cpu\br23\tools\sdk.elf.o
 .text._Z6mag2dbI9floatRealEvRK6ScalarIT_ERS3_
                0x01e147ce       0x1a cpu\br23\tools\sdk.elf.o
 .text._Z25VectorMagRecursiveAverageRK6VectorI12floatComplexERS_I9floatRealERK6ScalarIS4_E
                0x01e147e8       0x3c cpu\br23\tools\sdk.elf.o
 .text._Z15VectorMulScalarRK6VectorI12floatComplexERK6ScalarI9floatRealERS1_
                0x01e14824       0x2e cpu\br23\tools\sdk.elf.o
 .text._Z24VectorConjElementwiseMulRK6VectorI12floatComplexES3_RS1_
                0x01e14852       0x44 cpu\br23\tools\sdk.elf.o
 .text._Z10VectorPlusRK6VectorI9floatRealES3_RS1_
                0x01e14896       0x38 cpu\br23\tools\sdk.elf.o
 .text._Z12VectorDivideRK6VectorI12floatComplexERKS_I9floatRealERS1_RK6ScalarIS4_E
                0x01e148ce       0x3e cpu\br23\tools\sdk.elf.o
 .text._Z10VectorPlusRK6VectorI12floatComplexES3_RS1_
                0x01e1490c       0x40 cpu\br23\tools\sdk.elf.o
 .text._ZN13dynamicVectorI12floatComplex9floatRealED2Ev
                0x01e1494c       0x1c cpu\br23\tools\sdk.elf.o
 .text._ZN11VectorArrayI11fixHalfRealEC2ERK6VectorIS0_Ei
                0x01e14968       0x2e cpu\br23\tools\sdk.elf.o
 .text._Z18VectorOverlapShiftRK6VectorI11fixHalfRealERS1_i
                0x01e14996        0x4 cpu\br23\tools\sdk.elf.o
 .text._Z20VectorElementwiseMulRK6VectorI11fixHalfRealES3_RS_I9floatRealE
                0x01e1499a       0x64 cpu\br23\tools\sdk.elf.o
 .text._ZN11VectorArrayI12floatComplexEppEi
                0x01e149fe        0xa cpu\br23\tools\sdk.elf.o
 .text._ZN12STFTAnalyserI9floatReal12floatComplex11fixHalfRealE7AnalyseERK6VectorIS2_ER11VectorArrayIS1_EP9AllocatorIS0_E
                0x01e14a08       0x98 cpu\br23\tools\sdk.elf.o
 .text._Z22VectorRecursiveAverageRK6VectorI9floatRealERS1_RK6ScalarIS0_E
                0x01e14aa0       0x38 cpu\br23\tools\sdk.elf.o
 .text._Z9VectorMinRK6VectorI9floatRealES3_RS1_
                0x01e14ad8       0x38 cpu\br23\tools\sdk.elf.o
 .text._Z12VectorDivideRK6VectorI9floatRealES3_RS1_RK6ScalarIS0_E
                0x01e14b10       0x3e cpu\br23\tools\sdk.elf.o
 .text._Z15VectorCompareBTRK6VectorI9floatRealES3_RS_IiE
                0x01e14b4e       0x34 cpu\br23\tools\sdk.elf.o
 .text._Z21VectorConditionalCopyRK6VectorI9floatRealERKS_IiERS1_
                0x01e14b82       0x38 cpu\br23\tools\sdk.elf.o
 .text._Z16VectorPlusScalarRK6VectorI9floatRealERK6ScalarIS0_ERS1_
                0x01e14bba       0x2a cpu\br23\tools\sdk.elf.o
 .text._Z11VectorMinusRK6VectorI9floatRealES3_RS1_
                0x01e14be4       0x38 cpu\br23\tools\sdk.elf.o
 .text._Z20VectorElementwiseMulRK6VectorI9floatRealES3_RS1_
                0x01e14c1c       0x30 cpu\br23\tools\sdk.elf.o
 .text._Z17VectorMinusScalarRK6VectorI9floatRealERK6ScalarIS0_ERS1_
                0x01e14c4c       0x2a cpu\br23\tools\sdk.elf.o
 .text._Z9VectorMaxRK6ScalarI9floatRealER6VectorIS0_E
                0x01e14c76       0x20 cpu\br23\tools\sdk.elf.o
 .text._Z10VectorMeanRK6VectorI9floatRealER6ScalarIS0_E
                0x01e14c96       0x30 cpu\br23\tools\sdk.elf.o
 .text._Z14VectorOppositeRK6VectorI9floatRealERS1_
                0x01e14cc6       0x28 cpu\br23\tools\sdk.elf.o
 .text._Z9VectorMinRK6ScalarI9floatRealER6VectorIS0_E
                0x01e14cee       0x20 cpu\br23\tools\sdk.elf.o
 .text._Z20VectorElementwiseMulRK6VectorI12floatComplexERKS_I9floatRealERS1_
                0x01e14d0e       0x36 cpu\br23\tools\sdk.elf.o
 .text._Z20VectorElementwiseMulRK6VectorI9floatRealERKS_I12floatComplexERS5_
                0x01e14d44        0xa cpu\br23\tools\sdk.elf.o
 .text._Z20VectorElementwiseMulRK6VectorI9floatRealERKS_I11fixHalfRealERS1_
                0x01e14d4e       0x4c cpu\br23\tools\sdk.elf.o
 .text._ZN15STFTSynthesizerI9floatReal12floatComplex11fixHalfRealE10SynthesizeERK11VectorArrayIS1_ER6VectorIS2_EP9AllocatorIS0_E
                0x01e14d9a      0x10a cpu\br23\tools\sdk.elf.o
 .text._ZN13dynamicVectorI7fixRealS0_EC2ER9AllocatorIS0_Eii
                0x01e14ea4       0x26 cpu\br23\tools\sdk.elf.o
 .text._Z10VectorCopyRK6VectorI11fixHalfRealERS_I7fixRealE
                0x01e14eca        0x4 cpu\br23\tools\sdk.elf.o
 .text._ZNK6VectorI7fixRealEclEiii
                0x01e14ece       0x3c cpu\br23\tools\sdk.elf.o
 .text._Z22VectorElementwiseShiftRK6VectorI7fixRealERS1_i
                0x01e14f0a        0x4 cpu\br23\tools\sdk.elf.o
 .text._Z10VectorPlusRK6VectorI7fixRealES3_RS1_
                0x01e14f0e        0x4 cpu\br23\tools\sdk.elf.o
 .text._Z11VectorMinusRK6VectorI7fixRealES3_RS1_
                0x01e14f12        0x4 cpu\br23\tools\sdk.elf.o
 .text._Z10VectorCopyRK6VectorI7fixRealERS_I11fixHalfRealE
                0x01e14f16        0x4 cpu\br23\tools\sdk.elf.o
 .text._ZN15StaticAllocatorI9floatRealE5allocEj
                0x01e14f1a        0xc cpu\br23\tools\sdk.elf.o
 .text._Z29VectorConjMulRecursiveAverageRK6VectorI12floatComplexES3_RS1_RK6ScalarI9floatRealE
                0x01e14f26       0x54 cpu\br23\tools\sdk.elf.o
 .text._Z12VectorGetMagRK6VectorI12floatComplexERS_I9floatRealE
                0x01e14f7a       0x2c cpu\br23\tools\sdk.elf.o
 .text._Z15VectorMagAndDivRK6VectorI12floatComplexERKS_I9floatRealERK6ScalarIS4_ERS5_
                0x01e14fa6       0x40 cpu\br23\tools\sdk.elf.o
 .text._ZNK6VectorI9floatRealEclERK10Vectorzone
                0x01e14fe6       0x36 cpu\br23\tools\sdk.elf.o
 .text._Z22VectorTernaryOperationRKPFvRK6ScalarI9floatRealES3_RS1_ERK6VectorIS0_ESC_RSA_
                0x01e1501c       0x6c cpu\br23\tools\sdk.elf.o
 .text._ZNK6VectorI12floatComplexEclERK10Vectorzone
                0x01e15088       0x36 cpu\br23\tools\sdk.elf.o
 .text._Z16VectorMeanSquareRK6VectorI12floatComplexER6ScalarI9floatRealE
                0x01e150be       0x3e cpu\br23\tools\sdk.elf.o
 .text._Z20VectorElementwiseMulRK6VectorI11fixHalfRealERKS_I9floatRealERS1_
                0x01e150fc       0x40 cpu\br23\tools\sdk.elf.o
 .text._Z7expAprxI9floatRealEvRK6ScalarIT_ERS3_
                0x01e1513c       0x40 cpu\br23\tools\sdk.elf.o
 .text._ZN15StaticAllocatorI9floatRealE4freeEPS0_j
                0x01e1517c        0x8 cpu\br23\tools\sdk.elf.o
 .text._Z7powAprxI9floatRealEvRK6ScalarIT_ES5_RS3_
                0x01e15184       0x3a cpu\br23\tools\sdk.elf.o
 .text._Z8magnAprxI12floatComplex9floatRealEvRK6ScalarIT_ERS2_IT0_E
                0x01e151be       0x2e cpu\br23\tools\sdk.elf.o
 .text._ZN15StaticAllocatorI7fixRealE5allocEj
                0x01e151ec        0xc cpu\br23\tools\sdk.elf.o
 .text._ZN15StaticAllocatorI7fixRealE4freeEPS0_j
                0x01e151f8        0x8 cpu\br23\tools\sdk.elf.o
 .text          0x01e15200        0x0 include_lib/liba/br23/crossover_coff.a(crossOver.o)
 .text          0x01e15200        0x0 include_lib/liba/br23/crossover_coff.a(crossover_coff.o)
 .text          0x01e15200        0x0 include_lib/liba/br23/update.a(version.o)
 .text          0x01e15200      0x10c C:\JL\pi32\pi32v2-lib\r3\libm.a(lib_a-s_ceil.o)
                0x01e15200                ceil
 .text          0x01e1530c       0xa2 C:\JL\pi32\pi32v2-lib\r3\libm.a(lib_a-s_round.o)
                0x01e1530c                round
 .text          0x01e153ae        0x4 C:\JL\pi32\pi32v2-lib\r3\libm.a(lib_a-w_exp.o)
                0x01e153ae                exp
 .text          0x01e153b2        0x4 C:\JL\pi32\pi32v2-lib\r3\libm.a(lib_a-w_pow.o)
                0x01e153b2                pow
 .text          0x01e153b6      0x280 C:\JL\pi32\pi32v2-lib\r3\libm.a(lib_a-e_exp.o)
                0x01e153b6                __ieee754_exp
 .text          0x01e15636      0x84a C:\JL\pi32\pi32v2-lib\r3\libm.a(lib_a-e_pow.o)
                0x01e15636                __ieee754_pow
 .text          0x01e15e80      0x148 C:\JL\pi32\pi32v2-lib\r3\libm.a(lib_a-e_sqrt.o)
                0x01e15e80                __ieee754_sqrt
 .text          0x01e15fc8        0x4 C:\JL\pi32\pi32v2-lib\r3\libm.a(lib_a-s_fabs.o)
                0x01e15fc8                fabs
 .text          0x01e15fcc        0xa C:\JL\pi32\pi32v2-lib\r3\libm.a(lib_a-s_nan.o)
                0x01e15fcc                nan
 .text          0x01e15fd6       0xe2 C:\JL\pi32\pi32v2-lib\r3\libm.a(lib_a-s_scalbn.o)
                0x01e15fd6                scalbn
 .text          0x01e160b8       0x20 C:\JL\pi32\pi32v2-lib\r3\libm.a(lib_a-s_copysign.o)
                0x01e160b8                copysign
 .text          0x01e160d8        0x0 C:\JL\pi32\pi32v2-lib\r3\libc.a(lib_a-ctype_.o)
 .text          0x01e160d8        0x4 C:\JL\pi32\pi32v2-lib\r3\libc.a(lib_a-index.o)
                0x01e160d8                index
 .text          0x01e160dc       0x38 C:\JL\pi32\pi32v2-lib\r3\libc.a(lib_a-memcmp.o)
 .text          0x01e16114       0xc2 C:\JL\pi32\pi32v2-lib\r3\libc.a(lib_a-memcpy.o)
 .text          0x01e161d6       0x28 C:\JL\pi32\pi32v2-lib\r3\libc.a(lib_a-memmem.o)
 .text          0x01e161fe       0x2c C:\JL\pi32\pi32v2-lib\r3\libc.a(lib_a-memset.o)
 .text          0x01e1622a       0x4e C:\JL\pi32\pi32v2-lib\r3\libc.a(lib_a-rand.o)
                0x01e1622a                srand
                0x01e1623a                rand
 .text          0x01e16278       0x18 C:\JL\pi32\pi32v2-lib\r3\libc.a(lib_a-strcat.o)
                0x01e16278                strcat
 .text          0x01e16290       0x14 C:\JL\pi32\pi32v2-lib\r3\libc.a(lib_a-strchr.o)
                0x01e16290                strchr
 .text          0x01e162a4       0xa0 C:\JL\pi32\pi32v2-lib\r3\libc.a(lib_a-strcmp.o)
 .text          0x01e16344       0x6e C:\JL\pi32\pi32v2-lib\r3\libc.a(lib_a-strcpy.o)
 .text          0x01e163b2        0xc C:\JL\pi32\pi32v2-lib\r3\libc.a(lib_a-strlen.o)
 .text          0x01e163be       0x1a C:\JL\pi32\pi32v2-lib\r3\libc.a(lib_a-strncmp.o)
 .text          0x01e163d8       0x26 C:\JL\pi32\pi32v2-lib\r3\libc.a(lib_a-strncpy.o)
                0x01e163d8                strncpy
 .text          0x01e163fe       0x24 C:\JL\pi32\pi32v2-lib\r3\libc.a(lib_a-strrchr.o)
                0x01e163fe                strrchr
 .text          0x01e16422       0x2a C:\JL\pi32\pi32v2-lib\r3\libc.a(lib_a-strstr.o)
 .text          0x01e1644c       0x10 C:\JL\pi32\pi32v2-lib\r3\libc.a(lib_a-strtok.o)
                0x01e1644c                strtok
 .text          0x01e1645c       0x54 C:\JL\pi32\pi32v2-lib\r3\libc.a(lib_a-strtok_r.o)
                0x01e1645c                __strtok_r
                0x01e164ac                strtok_r
 .text          0x01e164b0        0x0 C:\JL\pi32\pi32v2-lib\r3\libc.a(lib_a-impure.o)
 .text          0x01e164b0      0x314 C:\JL\pi32\pi32v2-lib\r3\libcompiler-rt.a(adddf3.o)
                0x01e164f0                __adddf3
 .text          0x01e167c4      0x192 C:\JL\pi32\pi32v2-lib\r3\libcompiler-rt.a(addsf3.o)
                0x01e167dc                __addsf3
 .text          0x01e16956      0x1a0 C:\JL\pi32\pi32v2-lib\r3\libcompiler-rt.a(comparedf2.o)
                0x01e16956                __ledf2
                0x01e16956                __cmpdf2
                0x01e16a06                __gedf2
                0x01e16aae                __unorddf2
                0x01e16aee                __eqdf2
                0x01e16af0                __ltdf2
                0x01e16af2                __nedf2
                0x01e16af4                __gtdf2
 .text          0x01e16af6      0x346 C:\JL\pi32\pi32v2-lib\r3\libcompiler-rt.a(divdf3.o)
                0x01e16b2c                __divdf3
 .text          0x01e16e3c      0x18c C:\JL\pi32\pi32v2-lib\r3\libcompiler-rt.a(divsf3.o)
                0x01e16e54                __divsf3
 .text          0x01e16fc8       0x54 C:\JL\pi32\pi32v2-lib\r3\libcompiler-rt.a(fixdfsi.o)
                0x01e16fc8                __fixdfsi
 .text          0x01e1701c       0x4a C:\JL\pi32\pi32v2-lib\r3\libcompiler-rt.a(fixsfsi.o)
                0x01e1701c                __fixsfsi
 .text          0x01e17066       0x4c C:\JL\pi32\pi32v2-lib\r3\libcompiler-rt.a(floatsidf.o)
                0x01e17066                __floatsidf
 .text          0x01e170b2       0x5a C:\JL\pi32\pi32v2-lib\r3\libcompiler-rt.a(floatsisf.o)
                0x01e170b2                __floatsisf
 .text          0x01e1710c      0x2fa C:\JL\pi32\pi32v2-lib\r3\libcompiler-rt.a(muldf3.o)
                0x01e17142                __muldf3
 .text          0x01e17406      0x156 C:\JL\pi32\pi32v2-lib\r3\libcompiler-rt.a(mulsf3.o)
                0x01e1741e                __mulsf3
 .text          0x01e1755c        0x6 C:\JL\pi32\pi32v2-lib\r3\libcompiler-rt.a(subdf3.o)
                0x01e1755c                __subdf3
 .text          0x01e17562       0x3c C:\JL\pi32\pi32v2-lib\r3\libcompiler-rt.a(fixunsdfsi.o)
                0x01e17562                __fixunsdfsi
 .text          0x01e1759e       0x34 C:\JL\pi32\pi32v2-lib\r3\libcompiler-rt.a(floatunsidf.o)
                0x01e1759e                __floatunsidf
 .text          0x01e175d2       0x10 C:\JL\pi32\pi32v2-lib\r3\libcompiler-rt.a(udivdi3.o)
                0x01e175d2                __udivdi3
 .text          0x01e175e2      0x226 C:\JL\pi32\pi32v2-lib\r3\libcompiler-rt.a(udivmoddi4.o)
                0x01e175e2                __udivmoddi4
 *(.LOG_TAG_CONST*)
 *(.rodata*)
 .rodata.str1.1
                0x01e17808      0x9b7 cpu\br23\tools\sdk.elf.o
                                0x9de (size before relaxing)
 *fill*         0x01e181bf        0x1 
 .rodata        0x01e181c0     0x36e8 cpu\br23\tools\sdk.elf.o
 .rodata.cst4   0x01e1b8a8        0x4 cpu\br23\tools\sdk.elf.o
 .rodata.cst16  0x01e1b8ac       0x10 cpu\br23\tools\sdk.elf.o
 .rodata.cst32  0x01e1b8bc       0x40 cpu\br23\tools\sdk.elf.o
 .rodata._ZTV15StaticAllocatorI9floatRealE
                0x01e1b8fc       0x10 cpu\br23\tools\sdk.elf.o
 .rodata._ZTV15StaticAllocatorI7fixRealE
                0x01e1b90c       0x10 cpu\br23\tools\sdk.elf.o
 .rodata.cst8   0x01e1b91c        0x8 cpu\br23\tools\sdk.elf.o
 .rodata.cst16  0x01e1b924       0x30 C:\JL\pi32\pi32v2-lib\r3\libm.a(lib_a-e_exp.o)
 .rodata.str1.1
                0x01e1b954        0x0 C:\JL\pi32\pi32v2-lib\r3\libm.a(lib_a-e_pow.o)
                                  0x1 (size before relaxing)
 .rodata.cst16  0x01e1b954       0x30 C:\JL\pi32\pi32v2-lib\r3\libm.a(lib_a-e_pow.o)
 .rodata        0x01e1b984      0x281 C:\JL\pi32\pi32v2-lib\r3\libc.a(lib_a-ctype_.o)
                0x01e1bb04                _ctype_
 *fill*         0x01e1bc05        0x3 
 .rodata        0x01e1bc08        0x4 C:\JL\pi32\pi32v2-lib\r3\libc.a(lib_a-impure.o)
                0x01e1bc08                _global_impure_ptr
 .rodata.str1.1
                0x01e1bc0c        0x2 C:\JL\pi32\pi32v2-lib\r3\libc.a(lib_a-impure.o)
 *(.aac_data)
 *(.aac_const)
 *(.aac_code)
 *(.alac_data)
 *(.alac_const)
 *(.alac_code)
 *(.alac_dec_code)
 *(.bt_aac_dec_eng_const)
 *(.bt_aac_dec_eng_code)
 *(.bt_aac_dec_core_code)
 *(.bt_aac_dec_core_sparse_code)
 *(.dts_dec_const)
                0x01e1bc10                . = ALIGN (0x4)
 *fill*         0x01e1bc0e        0x2 
                0x01e1bc10                gsensor_dev_begin = .
 *(.gsensor_dev)
                0x01e1bc10                gsensor_dev_end = .
                0x01e1bc10                . = ALIGN (0x4)
                0x01e1bc10                hrsensor_dev_begin = .
 *(.hrsensor_dev)
                0x01e1bc10                hrsensor_dev_end = .
                0x01e1bc10                . = ALIGN (0x4)
                0x01e1bc10                fm_dev_begin = .
 *(.fm_dev)
                0x01e1bc10                fm_dev_end = .
                0x01e1bc10                . = ALIGN (0x4)
                0x01e1bc10                fm_emitter_dev_begin = .
 *(.fm_emitter_dev)
                0x01e1bc10                fm_emitter_dev_end = .
                0x01e1bc10                chargeIc_dev_begin = .
 *(.chargeIc_dev)
                0x01e1bc10                chargeIc_dev_end = .
                0x01e1bc10                . = ALIGN (0x4)
 *(.opcore_table_maskrom)
 *(.bfilt_table_maskroom)
 .bfilt_table_maskroom
                0x01e1bc10      0x338 cpu\br23\tools\sdk.elf.o
                0x01e1bc10                bsinc_tab_6
                0x01e1be54                bsinc_tab_6_l
 *(.opcore_maskrom)
 .opcore_maskrom
                0x01e1bf48      0x13e cpu\br23\tools\sdk.elf.o
 *(.bfilt_code)
 .bfilt_code    0x01e1c086      0x10c cpu\br23\tools\sdk.elf.o
 *(.bfilt_const)
                0x01e1c194                . = ALIGN (0x4)
 *fill*         0x01e1c192        0x2 
                0x01e1c194                btctler_code_start = .
                0x01e1c194                BTCTLER_CONTROLLER_CODE_START = .
 *(.bt_rf_const)
 .bt_rf_const   0x01e1c194      0x461 cpu\br23\tools\sdk.elf.o
 *(.bt_rf_code)
 *fill*         0x01e1c5f5        0x1 
 .bt_rf_code    0x01e1c5f6     0x1b08 cpu\br23\tools\sdk.elf.o
 *(.vendor_manager_const)
 *(.vendor_manager_code)
 *(.device_manager_const)
 *(.device_manager_code)
 *(.hci_controller_const)
 *fill*         0x01e1e0fe        0x2 
 .hci_controller_const
                0x01e1e100       0x28 cpu\br23\tools\sdk.elf.o
 *(.hci_controller_code)
 .hci_controller_code
                0x01e1e128      0x82a cpu\br23\tools\sdk.elf.o
 *(.hci_interface_const)
 *(.hci_interface_code)
                0x000027be                BTCTLER_CONTROLLER_CODE_SIZE = ABSOLUTE ((. - BTCTLER_CONTROLLER_CODE_START))
                0x01e1e952                BTCTLER_LE_CONTROLLER_CODE_START = .
 *(.ble_rf_const)
 *fill*         0x01e1e952        0x2 
 .ble_rf_const  0x01e1e954       0x24 cpu\br23\tools\sdk.elf.o
 *(.ble_rf_code)
 .ble_rf_code   0x01e1e978     0x2234 cpu\br23\tools\sdk.elf.o
 *(.ble_ll_const)
 .ble_ll_const  0x01e20bac       0x7c cpu\br23\tools\sdk.elf.o
 *(.ble_ll_code)
 .ble_ll_code   0x01e20c28     0x1b3e cpu\br23\tools\sdk.elf.o
 *(.ble_hci_const)
 .ble_hci_const
                0x01e22766       0x19 cpu\br23\tools\sdk.elf.o
 *(.ble_hci_code)
 *fill*         0x01e2277f        0x1 
 .ble_hci_code  0x01e22780      0x634 cpu\br23\tools\sdk.elf.o
                0x00004462                BTCTLER_LE_CONTROLLER_CODE_SIZE = ABSOLUTE ((. - BTCTLER_LE_CONTROLLER_CODE_START))
                0x01e22db4                BTCTLER_CL_CODE_START = .
 *(.bredr_irq)
 *(.bredr_irq_code)
 *(.bredr_irq_const)
 *(.classic_lmp_const)
 .classic_lmp_const
                0x01e22db4       0x14 cpu\br23\tools\sdk.elf.o
 *(.classic_lmp_linkbulk_const)
 *(.classic_lmp_code)
 .classic_lmp_code
                0x01e22dc8     0x62e0 cpu\br23\tools\sdk.elf.o
 *(.classic_lmp_linkbulk_code)
 *(.classic_hci_const)
 *(.classic_hci_code)
                0x01e290a8                LMP_ENC_CODE_START = .
 *(.classic_lmp_auth_const)
 .classic_lmp_auth_const
                0x01e290a8      0x4f0 cpu\br23\tools\sdk.elf.o
 *(.classic_lmp_bigint_const)
 *(.classic_lmp_crypt_const)
 *(.classic_lmp_ecdh_const)
 *(.classic_lmp_hmac_const)
 *(.classic_lmp_auth_code)
 .classic_lmp_auth_code
                0x01e29598      0x642 cpu\br23\tools\sdk.elf.o
 *(.classic_lmp_bigint_code)
 *(.classic_lmp_crypt_code)
 *(.classic_lmp_ecdh_code)
 *(.classic_lmp_hmac_code)
                0x00000b32                LMP_ENC_CODE_SIZE = ABSOLUTE ((. - LMP_ENC_CODE_START))
 *(.classic_rf_const)
 *fill*         0x01e29bda        0x2 
 .classic_rf_const
                0x01e29bdc      0x73d cpu\br23\tools\sdk.elf.o
 *(.classic_rf_code)
 *fill*         0x01e2a319        0x1 
 .classic_rf_code
                0x01e2a31a     0x53a2 cpu\br23\tools\sdk.elf.o
 *(.classic_bb_const)
 *(.classic_bb_code)
                0x0000c908                BTCTLER_CL_CODE_SIZE = ABSOLUTE ((. - BTCTLER_CL_CODE_START))
                0x01e2f6bc                . = ALIGN (0x4)
 *(.classic_tws_const)
 *(.classic_tws_code)
 .classic_tws_code
                0x01e2f6bc       0xcc cpu\br23\tools\sdk.elf.o
 *(.classic_tws_code.esco)
 *(.tws_media_sync_code)
 *(.tws_media_sync_const)
 *(.tws_data_forward_code)
 *(.tws_data_forward_const)
                0x01e2f788                . = ALIGN (0x4)
                0x01e2f788                tws_func_stub_begin = .
 *(.tws_func_stub)
 .tws_func_stub
                0x01e2f788       0x10 cpu\br23\tools\sdk.elf.o
                0x01e2f798                tws_func_stub_end = .
 *(.lmp_irq_code)
 .lmp_irq_code  0x01e2f798      0x180 cpu\br23\tools\sdk.elf.o
 *(.link_bulk_code)
 .link_bulk_code
                0x01e2f918      0x48c cpu\br23\tools\sdk.elf.o
 *(.frame_irq_code)
                0x01e2fda4                . = ALIGN (0x4)
 *(.link_task_const)
 .link_task_const
                0x01e2fda4        0x8 cpu\br23\tools\sdk.elf.o
 *(.link_task_code)
 .link_task_code
                0x01e2fdac      0x71a cpu\br23\tools\sdk.elf.o
                0x01e304c8                . = ALIGN (0x4)
 *fill*         0x01e304c6        0x2 
 *(.classic_irq_const)
 *(.classic_irq_code)
                0x01e304c8                . = ALIGN (0x4)
 *(.tws_irq_code)
                0x01e304c8                . = ALIGN (0x4)
                0x01e304c8                tws_sync_call_begin = .
 *(.tws_sync_call)
 .tws_sync_call
                0x01e304c8       0x18 cpu\br23\tools\sdk.elf.o
                0x01e304e0                tws_sync_call_end = .
                0x01e304e0                . = ALIGN (0x4)
                0x01e304e0                tws_sync_channel_begin = .
 *(.tws_sync_channel.0)
 *(.tws_sync_channel.1)
 *(.tws_sync_channel.2)
 *(.tws_sync_channel.3)
 *(.tws_sync_channel.4)
 *(.tws_sync_channel.5)
 *(.tws_sync_channel.6)
 *(.tws_sync_channel.7)
 *(.tws_sync_channel.8)
 *(.tws_sync_channel.9)
 *(.tws_sync_channel.10)
 *(.tws_sync_channel.11)
 *(.tws_sync_channel.12)
 *(.tws_sync_channel.13)
                0x01e304e0                tws_sync_channel_end = .
                0x01e304e0                btctler_code_end = .
                0x01e304e0                . = ALIGN (0x4)
                0x01e304e0                . = ALIGN (0x4)
                0x01e304e0                btstack_code_start = .
                0x01e304e0                . = ALIGN (0x4)
                0x01e304e0                a2dp_source_media_codec_begin = .
 *(.a2dp_source_media_codec)
 .a2dp_source_media_codec
                0x01e304e0       0x18 cpu\br23\tools\sdk.elf.o
                0x01e304e0                a2dp_source_codec
                0x01e304f8                a2dp_source_media_codec_end = .
                0x01e304f8                a2dp_sink_media_probe_begin = .
 *(.a2dp_sink_media_probe)
                0x01e304f8                a2dp_sink_media_probe_end = .
                0x01e304f8                a2dp_sink_media_codec_begin = .
 *(.a2dp_sink_media_codec)
 .a2dp_sink_media_codec
                0x01e304f8       0x30 cpu\br23\tools\sdk.elf.o
                0x01e304f8                a2dp_1sbc_codec_private
                0x01e30510                a2dp_2aac_sink_codec
                0x01e30528                a2dp_sink_media_codec_end = .
                0x01e30528                a2dp_event_handler_begin = .
 *(.a2dp_event_handler)
 .a2dp_event_handler
                0x01e30528       0x54 cpu\br23\tools\sdk.elf.o
                0x01e30528                a2dp_sink_event_handler
                0x01e30544                a2dp_source_event_handler
                0x01e30560                acp_a2dp_event_handler
                0x01e3057c                a2dp_event_handler_end = .
                0x01e3057c                sdp_record_item_begin = .
 *(.sdp_record_item)
 .sdp_record_item
                0x01e3057c       0x54 cpu\br23\tools\sdk.elf.o
                0x01e3057c                a2dp_sdp_record_item
                0x01e30588                arp_ct_sdp_record_item
                0x01e30594                arp_ta_sdp_record_item
                0x01e305a0                hfp_sdp_record_item
                0x01e305ac                hid_sdp_record_item
                0x01e305b8                pnp_sdp_record_item
                0x01e305c4                spp_sdp_record_item
                0x01e305d0                sdp_record_item_end = .
                0x01e305d0                bt_sleep_begin = .
 *(.bt_sleep)
 .bt_sleep      0x01e305d0       0x60 cpu\br23\tools\sdk.elf.o
                0x01e305d0                bt_suspend_a2dp_resumea2dp_release
                0x01e305dc                bt_suspend_avctp_resumeavctp_release
                0x01e305e8                bt_suspend_hfp_resumehfp_release
                0x01e305f4                bt_suspend_hid_resumehid_release
                0x01e30600                bt_suspend_user_cmd_loop_resumeuser_cmd_loop_release
                0x01e3060c                bt_suspend_spp_resumespp_release
                0x01e30618                bt_suspend_iap_resumeiap_release
                0x01e30624                bt_suspend_sdp_resumesdp_release
                0x01e30630                bt_sleep_end = .
 *(.bt_stack_const)
 .bt_stack_const
                0x01e30630      0x8fc cpu\br23\tools\sdk.elf.o
 *(.bt_stack_code)
 .bt_stack_code
                0x01e30f2c     0xc6da cpu\br23\tools\sdk.elf.o
 *(.ble_db_const)
 *(.ble_db_code)
 .ble_db_code   0x01e3d606      0x182 cpu\br23\tools\sdk.elf.o
 *(.ble_sm_const)
 .ble_sm_const  0x01e3d788       0x73 cpu\br23\tools\sdk.elf.o
 *(.ble_sm_code)
 *fill*         0x01e3d7fb        0x1 
 .ble_sm_code   0x01e3d7fc     0x19e2 cpu\br23\tools\sdk.elf.o
 *(.ble_att_const)
 .ble_att_const
                0x01e3f1de       0x17 cpu\br23\tools\sdk.elf.o
 *(.ble_att_code)
 *fill*         0x01e3f1f5        0x1 
 .ble_att_code  0x01e3f1f6      0x6a4 cpu\br23\tools\sdk.elf.o
 *(.ble_gatt_const)
 *(.ble_gatt_code)
 .ble_gatt_code
                0x01e3f89a      0x78a cpu\br23\tools\sdk.elf.o
                0x01e40024                BTSTACK_LE_HOST_MESH_CODE_START = .
 *(.ble_mesh_code)
 *(.ble_mesh_tinycrypt_code)
 *(.ble_mesh_const)
 *(.ble_mesh_tinycrypt_const)
                0x00000000                BTSTACK_LE_HOST_MESH_CODE_SIZE = ABSOLUTE ((. - BTSTACK_LE_HOST_MESH_CODE_START))
                0x01e40024                btstack_code_end = .
                0x01e40024                . = ALIGN (0x4)
                0x0000fb44                BTSTACK_CODE_TOTAL_SIZE = (btstack_code_end - btstack_code_start)
                0x01e40024                . = ALIGN (0x4)
                0x01e40024                . = ALIGN (0x4)
                0x01e40024                system_text_start = .
                0x01e40024                _device_node_begin = .
                0x01e40024                PROVIDE (device_node_begin, .)
 *(.device)
 .device        0x01e40024       0x24 cpu\br23\tools\sdk.elf.o
                0x01e40024                device_table
                0x01e40048                _device_node_end = .
                0x01e40048                PROVIDE (device_node_end, .)
                0x01e40048                config_target_begin = .
                [!provide]                PROVIDE (config_target_begin, .)
 *(.config_target)
 .config_target
                0x01e40048        0x8 cpu\br23\tools\sdk.elf.o
                0x01e40048                eq_config_target
                0x01e40050                config_target_end = .
                [!provide]                PROVIDE (config_target_end, .)
                0x01e40050                system_code_begin = .
 *(.system.*.text)
 .system.fs.text
                0x01e40050     0x5f72 cpu\br23\tools\sdk.elf.o
 .system.device.text
                0x01e45fc2       0xdc cpu\br23\tools\sdk.elf.o
 .system.cpu.text
                0x01e4609e       0xda cpu\br23\tools\sdk.elf.o
 .system.ascii.text
                0x01e46178      0x10a cpu\br23\tools\sdk.elf.o
 .system.cfg_tool.text
                0x01e46282      0x6a0 cpu\br23\tools\sdk.elf.o
 .system.timer.text
                0x01e46922      0x6fc cpu\br23\tools\sdk.elf.o
 .system.cbuf.text
                0x01e4701e      0x1b0 cpu\br23\tools\sdk.elf.o
 .system.event.text
                0x01e471ce      0x374 cpu\br23\tools\sdk.elf.o
 .system.printf.text
                0x01e47542      0x37e cpu\br23\tools\sdk.elf.o
 .system.task.text
                0x01e478c0       0x52 cpu\br23\tools\sdk.elf.o
 .system.app_core.text
                0x01e47912      0x150 cpu\br23\tools\sdk.elf.o
 .system.lbuf.text
                0x01e47a62      0x492 cpu\br23\tools\sdk.elf.o
 .system.init.text
                0x01e47ef4       0x2a cpu\br23\tools\sdk.elf.o
                0x01e47ef4                boot_info_init
                0x01e47f1e                system_code_end = .
                0x01e47f20                . = ALIGN (0x4)
 *fill*         0x01e47f1e        0x2 
                0x00007ece                system_code_size = (system_code_end - system_code_begin)
                0x01e47f20                vfs_ops_begin = .
 *(.vfs_operations)
 .vfs_operations
                0x01e47f20       0xe0 cpu\br23\tools\sdk.elf.o
                0x01e47f20                fat_vfs_ops
                0x01e47f90                sdfile_vfs_ops
                0x01e48000                vfs_ops_end = .
                0x01e48000                _lib_version_begin = .
                [!provide]                PROVIDE (lib_version_begin, .)
 *(.lib_version)
 .lib_version   0x01e48000        0xc cpu\br23\tools\sdk.elf.o
                0x01e48000                __version_fs
                0x01e48004                __version_fatfs
                0x01e48008                __version_sdfile
                0x01e4800c                _lib_version_end = .
                [!provide]                PROVIDE (lib_version_end, .)
                0x01e4800c                _initcall_begin = .
                0x01e4800c                PROVIDE (initcall_begin, .)
 *(.initcall)
 .initcall      0x01e4800c        0x8 cpu\br23\tools\sdk.elf.o
                0x01e4800c                __initcall_timer2_init
                0x01e48010                __initcall_eq_init
                0x01e48014                _initcall_end = .
                0x01e48014                PROVIDE (initcall_end, .)
                0x01e48014                _early_initcall_begin = .
                0x01e48014                PROVIDE (early_initcall_begin, .)
 *(.early.initcall)
 .early.initcall
                0x01e48014        0xc cpu\br23\tools\sdk.elf.o
                0x01e48014                __initcall_board_power_wakeup_init
                0x01e48018                __initcall_sys_event_init
                0x01e4801c                __initcall_sdfile_init
                0x01e48020                _early_initcall_end = .
                0x01e48020                PROVIDE (early_initcall_end, .)
                0x01e48020                _late_initcall_begin = .
                0x01e48020                PROVIDE (late_initcall_begin, .)
 *(.late.initcall)
 .late.initcall
                0x01e48020        0x4 cpu\br23\tools\sdk.elf.o
                0x01e48020                __initcall_sdk_meky_check
                0x01e48024                _late_initcall_end = .
                0x01e48024                PROVIDE (late_initcall_end, .)
                0x01e48024                _platform_initcall_begin = .
                0x01e48024                PROVIDE (platform_initcall_begin, .)
 *(.platform.initcall)
 .platform.initcall
                0x01e48024        0x4 cpu\br23\tools\sdk.elf.o
                0x01e48024                __initcall_syscfg_tools_init
                0x01e48028                _platform_initcall_end = .
                0x01e48028                PROVIDE (platform_initcall_end, .)
                0x01e48028                _module_initcall_begin = .
                0x01e48028                PROVIDE (module_initcall_begin, .)
 *(.module.initcall)
                0x01e48028                _module_initcall_end = .
                0x01e48028                PROVIDE (module_initcall_end, .)
                0x01e48028                _sys_event_handler_begin = .
                0x01e48028                PROVIDE (sys_event_handler_begin, .)
 *(.sys_event.4.handler)
 .sys_event.4.handler
                0x01e48028        0x8 cpu\br23\tools\sdk.elf.o
                0x01e48028                __event_handler_tws_key_event_handler
 *(.sys_event.3.handler)
 .sys_event.3.handler
                0x01e48030        0x8 cpu\br23\tools\sdk.elf.o
                0x01e48030                __event_handler_app_key_event_remap
 *(.sys_event.2.handler)
 .sys_event.2.handler
                0x01e48038        0x8 cpu\br23\tools\sdk.elf.o
                0x01e48038                __event_handler_alarm_event_handler
 *(.sys_event.1.handler)
 *(.sys_event.0.handler)
 .sys_event.0.handler
                0x01e48040       0x10 cpu\br23\tools\sdk.elf.o
                0x01e48040                __event_handler_xiao_zhi_event_handler
                0x01e48048                __event_handler_app_sys_event_probe_handler
                0x01e48050                _sys_event_handler_end = .
                0x01e48050                PROVIDE (sys_event_handler_end, .)
                0x01e48050                _syscfg_arg_begin = .
                [!provide]                PROVIDE (syscfg_arg_begin, .)
 *(.syscfg.arg)
                0x01e48050                _syscfg_arg_end = .
                [!provide]                PROVIDE (syscfg_arg_end, .)
                0x01e48050                _syscfg_handler_begin = .
                [!provide]                PROVIDE (syscfg_handler_begin, .)
 *(.syscfg.handler)
                0x01e48050                _syscfg_handler_end = .
                [!provide]                PROVIDE (syscfg_handler_end, .)
                0x01e48050                _syscfg_ops_begin = .
                0x01e48050                PROVIDE (syscfg_ops_begin, .)
 *(.syscfg.2.ops)
 .syscfg.2.ops  0x01e48050       0x1c cpu\br23\tools\sdk.elf.o
                0x01e48050                cfg_btif
 *(.syscfg.1.ops)
 .syscfg.1.ops  0x01e4806c       0x1c cpu\br23\tools\sdk.elf.o
                0x01e4806c                cfg_vm
 *(.syscfg.0.ops)
 .syscfg.0.ops  0x01e48088       0x1c cpu\br23\tools\sdk.elf.o
                0x01e48088                cfg_bin
                0x01e480a4                _syscfg_ops_end = .
                0x01e480a4                PROVIDE (syscfg_ops_end, .)
                0x01e480a4                _server_info_begin = .
                [!provide]                PROVIDE (server_info_begin, .)
 *(.server_info)
                0x01e480a4                _server_info_end = .
                [!provide]                PROVIDE (server_info_end, .)
                0x01e480a4                _bus_device_begin = .
                [!provide]                PROVIDE (bus_device_begin, .)
 *(.bus_device)
                0x01e480a4                _bus_device_end = .
                [!provide]                PROVIDE (bus_device_end, .)
                0x01e480a4                _sys_power_hal_ops_begin = .
                [!provide]                PROVIDE (sys_power_hal_ops_begin, .)
 *(.sys_power_hal_ops)
                0x01e480a4                _sys_power_hal_ops_end = .
                [!provide]                PROVIDE (sys_power_hal_ops_end, .)
                0x01e480a4                . = ALIGN (0x4)
                0x01e480a4                lp_target_begin = .
                [!provide]                PROVIDE (lp_target_begin, .)
 *(.lp_target)
 .lp_target     0x01e480a4       0x80 cpu\br23\tools\sdk.elf.o
                0x01e480a4                key_lp_target
                0x01e480ac                hid_user_target
                0x01e480b4                usb_stor_lp_target
                0x01e480bc                phone_incom_lp_target
                0x01e480c4                linein_dev_lp_target
                0x01e480cc                audio_mc_device_lp_target
                0x01e480d4                audio_dec_init_lp_target
                0x01e480dc                bt_dec_lp_target
                0x01e480e4                tone_dec_lp_target
                0x01e480ec                mic_demo_lp_target
                0x01e480f4                __wakeup_is_idle_target
                0x01e480fc                usb_dev_lp_target
                0x01e48104                usr_systimer_lp_target
                0x01e4810c                eq_online_lp_target
                0x01e48114                btstack_lowpower_target
                0x01e4811c                ota_lp_target
                0x01e48124                lp_target_end = .
                [!provide]                PROVIDE (lp_target_end, .)
                0x01e48124                . = ALIGN (0x4)
                0x01e48124                deepsleep_target_begin = .
                [!provide]                PROVIDE (deepsleep_target_begin, .)
 *(.deepsleep_target)
                0x01e48124                deepsleep_target_end = .
                [!provide]                PROVIDE (deepsleep_target_end, .)
                0x01e48124                crypto_begin = .
 *(.crypto_ecdh_code)
 *(.crypto_ecdh_const)
 *(.crypto_bigint_code)
 .crypto_bigint_code
                0x01e48124      0x3e4 cpu\br23\tools\sdk.elf.o
 *(.crypto_bigint_const)
 *(.crypto_code)
 .crypto_code   0x01e48508      0x428 cpu\br23\tools\sdk.elf.o
 *(.crypto_const)
 .crypto_const  0x01e48930      0x171 cpu\br23\tools\sdk.elf.o
 *(.ECDH_sample_code)
 *(.ECDH_sample_const)
 *(.uECC_code)
 *fill*         0x01e48aa1        0x1 
 .uECC_code     0x01e48aa2      0xc1a cpu\br23\tools\sdk.elf.o
 *(.uECC_const)
 .uECC_const    0x01e496bc       0xb0 cpu\br23\tools\sdk.elf.o
 *(.hmac_code)
 .hmac_code     0x01e4976c      0x32c cpu\br23\tools\sdk.elf.o
 *(.hmac_const)
 *(.hash_sample_code)
 *(.hash_sample_const)
 *(.aes_cmac_sample_code)
 *(.aes_cmac_sample_const)
                0x01e49a98                crypto_end = .
                0x00001974                crypto_size = (. - crypto_begin)
 *(.mem_code)
 .mem_code      0x01e49a98      0x4d0 cpu\br23\tools\sdk.elf.o
 *(.mem_const)
 *(.os_port_code)
 .os_port_code  0x01e49f68      0x864 cpu\br23\tools\sdk.elf.o
 *(.os_port_const)
 .os_port_const
                0x01e4a7cc       0x24 cpu\br23\tools\sdk.elf.o
                0x01e4a7f0                system_text_end = .
                0x0000a7cc                system_code_total_size = (system_text_end - system_text_start)
                0x01e4a7f0                . = ALIGN (0x4)
                0x01e4a7f0                lcd_interface_begin = .
 *(.lcd_if_info)
                0x01e4a7f0                lcd_interface_end = .
                0x01e4a7f0                ui_style_begin = .
 *(.ui_style)
                0x01e4a7f0                ui_style_end = .
                0x01e4a7f0                elm_event_handler_begin_JL = .
 *(.elm_event_handler_JL)
                0x01e4a7f0                elm_event_handler_end_JL = .
                0x01e4a7f0                elm_event_handler_begin_DIAL = .
 *(.elm_event_handler_DIAL)
                0x01e4a7f0                elm_event_handler_end_DIAL = .
                0x01e4a7f0                control_event_handler_begin = .
 *(.control_event_handler)
                0x01e4a7f0                control_event_handler_end = .
                0x01e4a7f0                control_ops_begin = .
 *(.control_ops)
                0x01e4a7f0                control_ops_end = .
                0x01e4a7f0                . = ALIGN (0x4)
                0x01e4a7f0                __VERSION_BEGIN = .
 *(.version)
 .version       0x01e4a7f0       0x1e include_lib/liba/br23/update.a(version.o)
                0x01e4a7f0                lib_update_version
 *(.sys.version)
                0x01e4a80e                __VERSION_END = .
                0x01e4a810                . = ALIGN (0x4)
 *fill*         0x01e4a80e        0x2 
                0x01e4a810                text_code_end = .
                0x01e4a810                update_code_start = .
 *(.bt_updata_ram_code)
 .bt_updata_ram_code
                0x01e4a810      0x178 cpu\br23\tools\sdk.elf.o
 *(.update_const)
 .update_const  0x01e4a988      0x158 cpu\br23\tools\sdk.elf.o
 *(.update_code)
 .update_code   0x01e4aae0      0xcfc cpu\br23\tools\sdk.elf.o
                0x01e4b7dc                update_code_end = .
                0x01e4b7dc                . = ALIGN (0x4)
                0x01e4b7dc                media_text_start = .
 *(.aec_code)
 .aec_code      0x01e4b7dc     0x1358 cpu\br23\tools\sdk.elf.o
 *(.aec_const)
 *(.der_code)
 *(.der_const)
 *(.nlp_code)
 .nlp_code      0x01e4cb34      0x874 cpu\br23\tools\sdk.elf.o
 *(.nlp_const)
 *(.qmf_code)
 .qmf_code      0x01e4d3a8      0x302 cpu\br23\tools\sdk.elf.o
 *(.qmf_const)
 *fill*         0x01e4d6aa        0x2 
 .qmf_const     0x01e4d6ac       0x18 cpu\br23\tools\sdk.elf.o
 *(.bt_audioplc_sparse_code)
 *(.bt_audioplc_code)
 *(.bt_audioplc_const)
                0x01e4d6c4                . = ALIGN (0x4)
 *(.res_code)
 *(.res_const)
                0x01e4d6c4                . = ALIGN (0x4)
 *(.ns_code)
 .ns_code       0x01e4d6c4      0x8ea cpu\br23\tools\sdk.elf.o
 *(.ns_const)
 *(.opcore_maskrom)
                0x01e4dfb0                . = ALIGN (0x4)
 *fill*         0x01e4dfae        0x2 
 *(.pcm_code)
 .pcm_code      0x01e4dfb0       0x98 cpu\br23\tools\sdk.elf.o
 *(.pcm_const)
 *(.g729_code)
 .g729_code     0x01e4e048      0x1ea cpu\br23\tools\sdk.elf.o
 *(.g729_const)
 *(.g726_code)
 *(.g726_const)
 *(.wtg_dec_code)
 .wtg_dec_code  0x01e4e232      0xd3e cpu\br23\tools\sdk.elf.o
 *(.wtg_dec_const)
 .wtg_dec_const
                0x01e4ef70     0x10b4 cpu\br23\tools\sdk.elf.o
 *(.wtg_dec_sparse_code)
 .wtg_dec_sparse_code
                0x01e50024       0xe4 cpu\br23\tools\sdk.elf.o
 *(.wtg_dec_sparse_const)
 *(.bfilt_code)
                0x01e50108                . = ALIGN (0x4)
 *(.mp3_decstream_const)
 *(.mp3_decstream_code)
 *(.mp3_decstream_sparse_code)
 *(.mp3_decstream_sparse_const)
 *(.mp3_dec_sparse_code)
 .mp3_dec_sparse_code
                0x01e50108     0x10e6 cpu\br23\tools\sdk.elf.o
 *(.mp3_dec_sparse_const)
 *(.mp3_dec_code)
 .mp3_dec_code  0x01e511ee     0x32a6 cpu\br23\tools\sdk.elf.o
 *(.mp3_dec_const)
 .mp3_dec_const
                0x01e54494     0x2b2c cpu\br23\tools\sdk.elf.o
 *(.mp3_const)
 *(.mp3_code)
 .mp3_code      0x01e56fc0      0x420 cpu\br23\tools\sdk.elf.o
 *(.msbc_code)
 .msbc_code     0x01e573e0      0x5c4 cpu\br23\tools\sdk.elf.o
 *(.msbc_const)
 .msbc_const    0x01e579a4       0x4e cpu\br23\tools\sdk.elf.o
 *(.mty_code)
 *(.mty_const)
 *(.mp3tsy_dec_code)
 *(.mp3tsy_dec_const)
 *(.mp3tsy_dec_sparse_code)
 *(.mp3tsy_dec_sparse_const)
 *(.sbc_code)
 .sbc_code      0x01e579f2      0x3e6 cpu\br23\tools\sdk.elf.o
 *(.sbc_const)
 .sbc_const     0x01e57dd8        0xc cpu\br23\tools\sdk.elf.o
 *(.sine_code)
 *(.sine_const)
 *(.wma_code)
 *(.wma_const)
 *(.wma_dec_code)
 *(.wma_dec_const)
 *(.wma_dec_sparse_code)
 *(.wma_dec_sparse_const)
 *(.wma_decstream_const)
 *(.wma_decstream_code)
 *(.wma_decstream_sparse_code)
 *(.wma_decstream_sparse_const)
 *(.amr_code)
 *(.amr_const)
 *(.midi_code)
 *(.midi_const)
 *(.audio_decoder_code)
 .audio_decoder_code
                0x01e57de4      0xa28 cpu\br23\tools\sdk.elf.o
 *(.audio_decoder_const)
 *(.mp3_encode_code)
 *(.mp3_encode_const)
 *(.media_device_code)
 *(.media_device_const)
 *(.audio_encoder_code)
 *(.audio_encoder_const)
 *(.mixer_code)
 .mixer_code    0x01e5880c      0xdf4 cpu\br23\tools\sdk.elf.o
 *(.mixer_const)
 *(.dec_server_code)
 *(.dec_server_const)
 *(.rec_server_code)
 *(.rec_server_const)
 *(.auto_mute_code)
 *(.auto_mute_const)
 *(.plc_code)
 *(.plc_const)
 *(.wireless_sync_code)
 *(.wireless_sync_const)
 *(.fft_code)
 .fft_code      0x01e59600      0x194 cpu\br23\tools\sdk.elf.o
 *(.fft_const)
 *(.mp3_enc_code)
 *(.mp3_enc_const)
 *(.mp3_enc_sparse_code)
 *(.mp3_enc_sparse_const)
                0x01e59794                . = ALIGN (0x4)
 *(.mp2_encode_code)
 *(.mp2_encode_const)
 *(.mp2_encode_sparse_code)
 *(.mp2_encode_sparse_const)
                0x01e59794                . = ALIGN (0x4)
 *(.adpcm_encode_code)
 *(.adpcm_encode_const)
 *(.adpcm_encode_sparse_code)
 *(.adpcm_encode_sparse_const)
                0x01e59794                . = ALIGN (0x4)
 *(.m4a_dec_sparse_code)
 *(.m4a_dec_sparse_const)
 *(.aac_dec_sparse_code)
 *(.aac_dec_sparse_const)
 *(.bt_aac_dec_core_const)
 *(.amr_dec_const)
 *(.dts_dec_ff_const)
 *(.dts_dec_sparse_code)
 *(.dts_dec_sparse_const)
 *(.res_sparse_code)
 *(.ns_sparse_code)
 .ns_sparse_code
                0x01e59794      0x2f0 cpu\br23\tools\sdk.elf.o
 *(.aec_sparse_code)
 .aec_sparse_code
                0x01e59a84      0x2b4 cpu\br23\tools\sdk.elf.o
 *(.nlp_sparse_code)
 .nlp_sparse_code
                0x01e59d38      0x29c cpu\br23\tools\sdk.elf.o
 *(.der_sparse_code)
 *(.qmf_sparse_code)
 .qmf_sparse_code
                0x01e59fd4       0x26 cpu\br23\tools\sdk.elf.o
 *(.sms_const)
 *(.sms_sparse_code)
 *(.sms_code)
 *(.resample_cal_code)
 *(.resample_cal_sparse_code)
 *(.resample_cal_const)
 *(.bt_compressor_sparse_const)
 *(.bt_compressor_sparse_code)
 *(.compressor_sparse_code)
 *(.compressor_sparse_const)
 *(.bt_limiter_sparse_const)
 *(.bt_limiter_sparse_code)
 *(.limiter_sparse_code)
 *(.limiter_sparse_const)
 *(.bt_crossOver_sparse_const)
 *(.bt_crossOver_sparse_code)
 *(.crossOver_sparse_code)
 .crossOver_sparse_code
                0x01e59ffa      0x16e include_lib/liba/br23/crossover_coff.a(crossOver.o)
                0x01e59ffa                get_crossOver_buf
                0x01e5a01a                crossOver_init
                0x01e5a0be                crossOver_update
 .crossOver_sparse_code
                0x01e5a168      0x7de include_lib/liba/br23/crossover_coff.a(crossover_coff.o)
                0x01e5a168                crossoverCoff_init
                0x01e5a376                crossoverCoff_run
 *(.crossOver_sparse_const)
 *(.audio_codec_code)
 .audio_codec_code
                0x01e5a946      0x19c cpu\br23\tools\sdk.elf.o
                0x01e5aae4                . = ALIGN (0x4)
 *fill*         0x01e5aae2        0x2 
                0x01e5aae4                _audio_decoder_begin = .
                0x01e5aae4                PROVIDE (audio_decoder_begin, .)
 *(.audio_decoder)
 .audio_decoder
                0x01e5aae4      0x1dc cpu\br23\tools\sdk.elf.o
                0x01e5aae4                msbc_decoder
                0x01e5ab28                pcm_decoder
                0x01e5ab6c                wav_decoder
                0x01e5abb0                cvsd_decoder
                0x01e5abf4                mp3_decoder
                0x01e5ac38                sbc_decoder
                0x01e5ac7c                g729_decoder
                0x01e5acc0                _audio_decoder_end = .
                0x01e5acc0                PROVIDE (audio_decoder_end, .)
                0x01e5acc0                _audio_encoder_begin = .
                0x01e5acc0                PROVIDE (audio_encoder_begin, .)
 *(.audio_encoder)
 .audio_encoder
                0x01e5acc0       0x40 cpu\br23\tools\sdk.elf.o
                0x01e5acc0                cvsd_encoder
                0x01e5ace0                msbc_encoder
                0x01e5ad00                _audio_encoder_end = .
                0x01e5ad00                PROVIDE (audio_encoder_end, .)
                0x01e5ad00                _audio_package_begin = .
                [!provide]                PROVIDE (audio_package_begin, .)
 *(.audio_package)
                0x01e5ad00                _audio_package_end = .
                [!provide]                PROVIDE (audio_package_end, .)
                0x01e5ad00                _audio_dev_begin = .
                [!provide]                PROVIDE (audio_dev_begin, .)
 *(.audio_device)
                0x01e5ad00                _audio_dev_end = .
                [!provide]                PROVIDE (audio_dev_end, .)
                0x01e5ad00                _audio_hwaccel_begin = .
                0x01e5ad00                PROVIDE (audio_hwaccel_begin, .)
 *(.audio_hwaccel)
 .audio_hwaccel
                0x01e5ad00       0x24 cpu\br23\tools\sdk.elf.o
                0x01e5ad00                sbc_hwaccel
                0x01e5ad24                _audio_hwaccel_end = .
                0x01e5ad24                PROVIDE (audio_hwaccel_end, .)
                0x01e5ad24                . = ALIGN (0x4)
                0x01e5ad24                media_code_begin = .
 *(.media.*.text)
 .media.media_cpu.text
                0x01e5ad24     0x3e10 cpu\br23\tools\sdk.elf.o
 .media.audio_decoder.text
                0x01e5eb34       0x54 cpu\br23\tools\sdk.elf.o
 .media.prevent_task_fill.text
                0x01e5eb88      0x186 cpu\br23\tools\sdk.elf.o
 .media.mixer.text
                0x01e5ed0e       0x30 cpu\br23\tools\sdk.elf.o
 .media.audio_stream.text
                0x01e5ed3e      0x438 cpu\br23\tools\sdk.elf.o
 .media.audio_dec.text
                0x01e5f176      0xb7e cpu\br23\tools\sdk.elf.o
 .media.audio_encoder.text
                0x01e5fcf4       0x24 cpu\br23\tools\sdk.elf.o
 .media.audio_splicing.text
                0x01e5fd18       0x98 cpu\br23\tools\sdk.elf.o
 .media.audio_buffer.text
                0x01e5fdb0      0x506 cpu\br23\tools\sdk.elf.o
                0x01e602b8                . = ALIGN (0x4)
 *fill*         0x01e602b6        0x2 
 *(.crossOver_code)
 .crossOver_code
                0x01e602b8       0x98 include_lib/liba/br23/crossover_coff.a(crossOver.o)
                0x01e60322                crossOver_run
 *(.crossOver_const)
 *(.bt_crossOver_const)
 *(.bt_crossOver_code)
                0x01e60350                . = ALIGN (0x4)
 *(.compressor_code)
 *(.compressor_const)
 *(.bt_compressor_const)
 *(.bt_compressor_code)
                0x01e60350                . = ALIGN (0x4)
 *(.limiter_code)
 *(.limiter_const)
 *(.bt_limiter_const)
 *(.bt_limiter_code)
                0x01e60350                . = ALIGN (0x4)
 *(.lib_pitchshift_code)
 *(.lib_pitchshift_const)
                0x01e60350                . = ALIGN (0x4)
 *(.sur_cal_const)
 *(.sur_cal_code)
                0x01e60350                . = ALIGN (0x4)
                0x01e60350                media_code_end = .
                0x01e60350                . = ALIGN (0x4)
                0x0000562c                media_code_size = (media_code_end - media_code_begin)
                0x01e60350                . = ALIGN (0x4)
                0x01e60350                media_text_end = .
                0x01e60350                driver_code_start = .
                0x01e60350                . = ALIGN (0x4)
                0x01e60350                _SPI_CODE_START = .
 *(.spi_code)
                0x01e60350                . = ALIGN (0x4)
                0x01e60350                _SPI_CODE_END = .
                0x01e60350                clock_critical_handler_begin = .
 *(.clock_critical_txt)
 .clock_critical_txt
                0x01e60350       0x28 cpu\br23\tools\sdk.elf.o
                0x01e60350                clock_chargestore
                0x01e60358                clock_uart
                0x01e60360                clock_sdx
                0x01e60368                clock_lrc
                0x01e60370                clock_port
                0x01e60378                clock_critical_handler_end = .
                0x01e60378                CLOCK_CODE_START = .
 *(.clock_code)
 .clock_code    0x01e60378      0x5dc cpu\br23\tools\sdk.elf.o
 *(.clock_const)
 .clock_const   0x01e60954        0x4 cpu\br23\tools\sdk.elf.o
                0x000005e0                CLOCK_CODE_SIZE = ABSOLUTE ((. - CLOCK_CODE_START))
 *(.debug_code)
 *(.debug_const)
 *(.power_code)
 *(.power_const)
 *(.uart_code)
 *(.uart_const)
                0x01e60958                driver_code_end = .
                0x01e60958                . = ALIGN (0x4)
                0x00000000                . = ORIGIN (ram0)
                0x00000000                _data_code_begin = .
                0x00000000                bank_code_run_addr = .
                0x00000000                common_code_run_addr = .

.data           0x00000000     0x4dd0
 *(.data_magic)
 .data_magic    0x00000000       0x40 cpu\br23\tools\sdk.elf.o
                0x00000000                data_magic
                0x00000040                . = ALIGN (0x4)
 *(.flushinv_icache)
 *(.volatile_ram_code)
 .volatile_ram_code
                0x00000040      0xdd4 cpu\br23\tools\sdk.elf.o
                0x00000156                spi_cache_way_switch
                0x0000045e                bredr_link_clk_offset
                0x000007ea                read_flash_id
                0x00000896                sfc_drop_cache
                0x0000090c                __udelay
                0x00000980                norflash_erase
                0x00000a0a                flushinv_dcache_api
                0x00000ae0                switch_to_hrc
                0x00000bca                spi_for_maskrom_init
                0x00000be2                hw_mmu_disable
                0x00000dae                audio_bt_time_read
                0x00000df6                lc_local_slot_bitoff
 .volatile_ram_code
                0x00000e14      0x158 include_lib/liba/br23/cpu.a(startup.o)
                0x00000e14                __BT_UPDATA_JUMP
                0x00000e94                __JUMP_TO_MASKROM
                0x00000eda                __DEV_UPDATA_JUMP
                0x00000f5a                exception_irq_handler
 *(.os_critical_code)
 .os_critical_code
                0x00000f6c      0x532 cpu\br23\tools\sdk.elf.o
                0x00000fa2                vmalloc_
                0x000010d2                vfree_
                0x0000119e                jiffies_half_msec
                0x000011f6                jiffies_msec
                0x000011fe                vcopy_
                0x0000124a                vfree_v2
                0x000012f0                vmalloc_v2
 *(.chargebox_code)
 *(.os_code)
 .os_code       0x0000149e     0x181e cpu\br23\tools\sdk.elf.o
 *(.os_const)
 *(.ui_ram)
 *(.fat_data_code)
 .fat_data_code
                0x00002cbc      0x22a cpu\br23\tools\sdk.elf.o
 *(.gpio_ram)
 *fill*         0x00002ee6        0x2 
 .gpio_ram      0x00002ee8      0x590 cpu\br23\tools\sdk.elf.o
 *(.LED_code)
 .LED_code      0x00003478      0x536 cpu\br23\tools\sdk.elf.o
 *(.LED_const)
 *fill*         0x000039ae        0x2 
 .LED_const     0x000039b0      0x100 cpu\br23\tools\sdk.elf.o
 *(.fm_code)
                0x00003ab0                . = ALIGN (0x4)
                0x00003ab0                _data_code_end = .
                0x00003ab0                _cpu_store_begin = .
                0x00003ab0                . = ALIGN (0x4)
 *(.data*)
 .data          0x00003ab0      0x2d8 cpu\br23\tools\sdk.elf.o
 .data          0x00003d88        0x4 C:\JL\pi32\pi32v2-lib\r3\libc.a(lib_a-ctype_.o)
                0x00003d88                __ctype_ptr__
 .data          0x00003d8c      0x41c C:\JL\pi32\pi32v2-lib\r3\libc.a(lib_a-impure.o)
                0x00003d8c                _impure_ptr
                0x000041a8                . = ALIGN (0x4)
                0x000041a8                dec_board_param_mem_begin = .
 *(.dec_board_param_mem)
                0x000041a8                dec_board_param_mem_end = .
                0x000041c0                . = ALIGN (0x20)
 *fill*         0x000041a8       0x18 
                0x000041c0                btstack_data_start = .
 *(.bt_stack_data)
 .bt_stack_data
                0x000041c0       0xe8 cpu\br23\tools\sdk.elf.o
 *(.ble_db_data)
 *(.ble_sm_data)
 *(.ble_att_data)
 *(.ble_gatt_data)
                0x000042a8                BTSTACK_LE_HOST_MESH_DATA_START = .
                0x000042a8                . = ((. + 0x3) & 0xfffffffc)
                0x000042a8                _net_buf_pool_list = .
 *(._net_buf_pool.static.*)
 *(.ble_mesh_data)
 *(.ble_mesh_tinycrypt_data)
                0x00000000                BTSTACK_LE_HOST_MESH_DATA_SIZE = ABSOLUTE ((. - BTSTACK_LE_HOST_MESH_DATA_START))
                0x000042a8                btstack_data_end = .
                0x000042a8                . = ALIGN (0x4)
                0x000042a8                btctler_data_start = .
                0x000042a8                BTCTLER_CONTROLLER_DATA_START = .
 *(.bt_rf_data)
 .bt_rf_data    0x000042a8      0x404 cpu\br23\tools\sdk.elf.o
 *(.vendor_manager_data)
 *(.device_manager_data)
 *(.hci_controller_data)
 .hci_controller_data
                0x000046ac       0xb8 cpu\br23\tools\sdk.elf.o
 *(.hci_interface_data)
                0x000004bc                BTCTLER_CONTROLLER_DATA_SIZE = ABSOLUTE ((. - BTCTLER_CONTROLLER_DATA_START))
                0x00004764                BTCTLER_LE_CONTROLLER_DATA_START = .
 *(.ble_ll_data)
 .ble_ll_data   0x00004764        0xc cpu\br23\tools\sdk.elf.o
 *(.ble_hci_data)
 .ble_hci_data  0x00004770       0xad cpu\br23\tools\sdk.elf.o
 *(.classic_hci_data)
 *(.ble_rf_data)
 *fill*         0x0000481d        0x3 
 .ble_rf_data   0x00004820        0xc cpu\br23\tools\sdk.elf.o
                0x000000c8                BTCTLER_LE_CONTROLLER_DATA_SIZE = ABSOLUTE ((. - BTCTLER_LE_CONTROLLER_DATA_START))
                0x0000482c                BTCTLER_CL_DATA_START = .
 *(.classic_lmp_data)
 .classic_lmp_data
                0x0000482c       0xac cpu\br23\tools\sdk.elf.o
 *(.classic_lmp_auth_data)
 *(.classic_lmp_bigint_data)
 *(.classic_lmp_crypt_data)
 *(.classic_lmp_ecdh_data)
 *(.classic_lmp_linkbulk_data)
 *(.classic_lmp_hmac_data)
 *(.classic_rf_data)
 .classic_rf_data
                0x000048d8       0x16 cpu\br23\tools\sdk.elf.o
 *(.classic_bb_data)
                0x000000c2                BTCTLER_CL_DATA_SIZE = ABSOLUTE ((. - BTCTLER_CL_DATA_START))
                0x000048ee                btctler_data_end = .
                0x000048f0                . = ALIGN (0x4)
 *fill*         0x000048ee        0x2 
                0x000048f0                . = ALIGN (0x4)
                0x000048f0                system_data_start = .
                0x000048f0                _video_subdev_begin = .
                [!provide]                PROVIDE (video_subdev_begin, .)
 *(.video_subdev.0)
 *(.video_subdev.1)
 *(.video_subdev.2)
 *(.video_subdev.3)
 *(.video_subdev.4)
 *(.video_subdev.5)
                0x000048f0                _video_subdev_end = .
                [!provide]                PROVIDE (video_subdev_end, .)
                0x000048f0                _audio_subdev_begin = .
                [!provide]                PROVIDE (audio_subdev_begin, .)
 *(.audio_subdev.0)
 *(.audio_subdev.1)
 *(.audio_subdev.2)
 *(.audio_subdev.3)
                0x000048f0                _audio_subdev_end = .
                [!provide]                PROVIDE (audio_subdev_end, .)
                0x000048f0                _iic_device_begin = .
                [!provide]                PROVIDE (iic_device_begin, .)
 *(.iic)
                0x000048f0                _iic_device_end = .
                [!provide]                PROVIDE (iic_device_end, .)